Archive member included to satisfy reference by file (symbol)

C:/Program Files (x86)/Arm GNU Toolchain arm-none-eabi/13.2 Rel1/bin/../lib/gcc/arm-none-eabi/13.2.1/thumb/v8-m.base/nofp\libgcc.a(_clzsi2.o)
                              ./ra/fsp/src/r_adc/r_adc.o (__clzsi2)
C:/Program Files (x86)/Arm GNU Toolchain arm-none-eabi/13.2 Rel1/bin/../lib/gcc/arm-none-eabi/13.2.1/thumb/v8-m.base/nofp\libgcc.a(_aeabi_ldivmod.o)
                              ./ra/fsp/src/r_sci_uart/r_sci_uart.o (__aeabi_ldivmod)
C:/Program Files (x86)/Arm GNU Toolchain arm-none-eabi/13.2 Rel1/bin/../lib/gcc/arm-none-eabi/13.2.1/thumb/v8-m.base/nofp\libgcc.a(_muldi3.o)
                              ./ra/fsp/src/r_sci_uart/r_sci_uart.o (__aeabi_lmul)
C:/Program Files (x86)/Arm GNU Toolchain arm-none-eabi/13.2 Rel1/bin/../lib/gcc/arm-none-eabi/13.2.1/thumb/v8-m.base/nofp\libgcc.a(bpabi.o)
                              C:/Program Files (x86)/Arm GNU Toolchain arm-none-eabi/13.2 Rel1/bin/../lib/gcc/arm-none-eabi/13.2.1/thumb/v8-m.base/nofp\libgcc.a(_aeabi_ldivmod.o) (__gnu_ldivmod_helper)
C:/Program Files (x86)/Arm GNU Toolchain arm-none-eabi/13.2 Rel1/bin/../lib/gcc/arm-none-eabi/13.2.1/thumb/v8-m.base/nofp\libgcc.a(divdf3.o)
                              ./src/adc/bsp_adc.o (__aeabi_ddiv)
C:/Program Files (x86)/Arm GNU Toolchain arm-none-eabi/13.2 Rel1/bin/../lib/gcc/arm-none-eabi/13.2.1/thumb/v8-m.base/nofp\libgcc.a(muldf3.o)
                              ./src/adc/bsp_adc.o (__aeabi_dmul)
C:/Program Files (x86)/Arm GNU Toolchain arm-none-eabi/13.2 Rel1/bin/../lib/gcc/arm-none-eabi/13.2.1/thumb/v8-m.base/nofp\libgcc.a(floatsidf.o)
                              ./src/adc/bsp_adc.o (__aeabi_i2d)
C:/Program Files (x86)/Arm GNU Toolchain arm-none-eabi/13.2 Rel1/bin/../lib/gcc/arm-none-eabi/13.2.1/thumb/v8-m.base/nofp\libgcc.a(_dvmd_tls.o)
                              C:/Program Files (x86)/Arm GNU Toolchain arm-none-eabi/13.2 Rel1/bin/../lib/gcc/arm-none-eabi/13.2.1/thumb/v8-m.base/nofp\libgcc.a(_aeabi_ldivmod.o) (__aeabi_ldiv0)
C:/Program Files (x86)/Arm GNU Toolchain arm-none-eabi/13.2 Rel1/bin/../lib/gcc/arm-none-eabi/13.2.1/thumb/v8-m.base/nofp\libgcc.a(_divdi3.o)
                              C:/Program Files (x86)/Arm GNU Toolchain arm-none-eabi/13.2 Rel1/bin/../lib/gcc/arm-none-eabi/13.2.1/thumb/v8-m.base/nofp\libgcc.a(bpabi.o) (__divdi3)
C:/Program Files (x86)/Arm GNU Toolchain arm-none-eabi/13.2 Rel1/bin/../lib/gcc/arm-none-eabi/13.2.1/thumb/v8-m.base/nofp\libg_nano.a(libc_a-exit.o)
                              C:/Program Files (x86)/Arm GNU Toolchain arm-none-eabi/13.2 Rel1/bin/../lib/gcc/arm-none-eabi/13.2.1/thumb/v8-m.base/nofp/crt0.o (exit)
C:/Program Files (x86)/Arm GNU Toolchain arm-none-eabi/13.2 Rel1/bin/../lib/gcc/arm-none-eabi/13.2.1/thumb/v8-m.base/nofp\libg_nano.a(libc_a-nano-vfprintf_float.o)
                              (_printf_float)
C:/Program Files (x86)/Arm GNU Toolchain arm-none-eabi/13.2 Rel1/bin/../lib/gcc/arm-none-eabi/13.2.1/thumb/v8-m.base/nofp\libg_nano.a(libc_a-nano-vfprintf_i.o)
                              C:/Program Files (x86)/Arm GNU Toolchain arm-none-eabi/13.2 Rel1/bin/../lib/gcc/arm-none-eabi/13.2.1/thumb/v8-m.base/nofp\libg_nano.a(libc_a-nano-vfprintf_float.o) (_printf_common)
C:/Program Files (x86)/Arm GNU Toolchain arm-none-eabi/13.2 Rel1/bin/../lib/gcc/arm-none-eabi/13.2.1/thumb/v8-m.base/nofp\libg_nano.a(libc_a-findfp.o)
                              C:/Program Files (x86)/Arm GNU Toolchain arm-none-eabi/13.2 Rel1/bin/../lib/gcc/arm-none-eabi/13.2.1/thumb/v8-m.base/nofp\libg_nano.a(libc_a-exit.o) (__stdio_exit_handler)
C:/Program Files (x86)/Arm GNU Toolchain arm-none-eabi/13.2 Rel1/bin/../lib/gcc/arm-none-eabi/13.2.1/thumb/v8-m.base/nofp\libg_nano.a(libc_a-fwalk.o)
                              C:/Program Files (x86)/Arm GNU Toolchain arm-none-eabi/13.2 Rel1/bin/../lib/gcc/arm-none-eabi/13.2.1/thumb/v8-m.base/nofp\libg_nano.a(libc_a-findfp.o) (_fwalk_sglue)
C:/Program Files (x86)/Arm GNU Toolchain arm-none-eabi/13.2 Rel1/bin/../lib/gcc/arm-none-eabi/13.2.1/thumb/v8-m.base/nofp\libg_nano.a(libc_a-printf.o)
                              ./src/eeprom/i2c_ee.o (printf)
C:/Program Files (x86)/Arm GNU Toolchain arm-none-eabi/13.2 Rel1/bin/../lib/gcc/arm-none-eabi/13.2.1/thumb/v8-m.base/nofp\libg_nano.a(libc_a-putchar.o)
                              ./src/eeprom/i2c_ee.o (putchar)
C:/Program Files (x86)/Arm GNU Toolchain arm-none-eabi/13.2 Rel1/bin/../lib/gcc/arm-none-eabi/13.2.1/thumb/v8-m.base/nofp\libg_nano.a(libc_a-puts.o)
                              ./src/eeprom/i2c_ee.o (puts)
C:/Program Files (x86)/Arm GNU Toolchain arm-none-eabi/13.2 Rel1/bin/../lib/gcc/arm-none-eabi/13.2.1/thumb/v8-m.base/nofp\libg_nano.a(libc_a-stdio.o)
                              C:/Program Files (x86)/Arm GNU Toolchain arm-none-eabi/13.2 Rel1/bin/../lib/gcc/arm-none-eabi/13.2.1/thumb/v8-m.base/nofp\libg_nano.a(libc_a-findfp.o) (__sread)
[...]
Memory Configuration

Name             Origin             Length             Attributes
ITCM             0x00000000         0x00000000         xr
DTCM             0x00000000         0x00000000         xrw
FLASH            0x00000000         0x00020000         xr
RAM              0x20004000         0x00004000         xrw
DATA_FLASH       0x40100000         0x00001000         xr
QSPI_FLASH       0x60000000         0x00000000         xr
OSPI_DEVICE_0    0x80020000         0x00000000         xr
OSPI_DEVICE_1    0x80030000         0x00000000         xr
OSPI_DEVICE_0_RAM 0x80020000         0x00000000         xrw
OSPI_DEVICE_1_RAM 0x80030000         0x00000000         xrw
SDRAM            0x80010000         0x00000000         xrw
OPTION_SETTING   0x00000000         0x00000000         r
OPTION_SETTING_OFS 0x00000000         0x00000018         r
OPTION_SETTING_SAS 0x00000034         0x00000000         r
OPTION_SETTING_S 0x80000000         0x00000000         r
ID_CODE          0x01010018         0x00000020         xr
*default*        0x00000000         0xffffffff

Linker script and memory map

LOAD C:/Program Files (x86)/Arm GNU Toolchain arm-none-eabi/13.2 Rel1/bin/../lib/gcc/arm-none-eabi/13.2.1/thumb/v8-m.base/nofp/crti.o
LOAD C:/Program Files (x86)/Arm GNU Toolchain arm-none-eabi/13.2 Rel1/bin/../lib/gcc/arm-none-eabi/13.2.1/thumb/v8-m.base/nofp/crtbegin.o
LOAD C:/Program Files (x86)/Arm GNU Toolchain arm-none-eabi/13.2 Rel1/bin/../lib/gcc/arm-none-eabi/13.2.1/thumb/v8-m.base/nofp/crt0.o
START GROUP
LOAD ./src/led/bsp_led.o
LOAD ./src/eeprom/i2c_ee.o
LOAD ./src/debug_uart/bsp_debug_uart.o
LOAD ./src/debug_uart/circular_queue.o
LOAD ./src/adc/bsp_adc.o
LOAD ./src/hal_entry.o
LOAD ./ra_gen/common_data.o
LOAD ./ra_gen/hal_data.o
LOAD ./ra_gen/main.o
LOAD ./ra_gen/pin_data.o
LOAD ./ra_gen/vector_data.o
LOAD ./ra/fsp/src/r_sci_uart/r_sci_uart.o
LOAD ./ra/fsp/src/r_ioport/r_ioport.o
LOAD ./ra/fsp/src/r_iic_master/r_iic_master.o
LOAD ./ra/fsp/src/r_icu/r_icu.o
LOAD ./ra/fsp/src/r_adc/r_adc.o
LOAD ./ra/fsp/src/bsp/mcu/all/bsp_clocks.o
LOAD ./ra/fsp/src/bsp/mcu/all/bsp_common.o
LOAD ./ra/fsp/src/bsp/mcu/all/bsp_delay.o
LOAD ./ra/fsp/src/bsp/mcu/all/bsp_group_irq.o
LOAD ./ra/fsp/src/bsp/mcu/all/bsp_guard.o
LOAD ./ra/fsp/src/bsp/mcu/all/bsp_io.o
LOAD ./ra/fsp/src/bsp/mcu/all/bsp_irq.o
LOAD ./ra/fsp/src/bsp/mcu/all/bsp_macl.o
LOAD ./ra/fsp/src/bsp/mcu/all/bsp_register_protection.o
LOAD ./ra/fsp/src/bsp/mcu/all/bsp_rom_registers.o
LOAD ./ra/fsp/src/bsp/mcu/all/bsp_sbrk.o
LOAD ./ra/fsp/src/bsp/mcu/all/bsp_security.o
LOAD ./ra/fsp/src/bsp/cmsis/Device/RENESAS/Source/startup.o
LOAD ./ra/fsp/src/bsp/cmsis/Device/RENESAS/Source/system.o
END GROUP
START GROUP
LOAD C:/Program Files (x86)/Arm GNU Toolchain arm-none-eabi/13.2 Rel1/bin/../lib/gcc/arm-none-eabi/13.2.1/thumb/v8-m.base/nofp\libgcc.a
LOAD C:/Program Files (x86)/Arm GNU Toolchain arm-none-eabi/13.2 Rel1/bin/../lib/gcc/arm-none-eabi/13.2.1/thumb/v8-m.base/nofp\libg_nano.a
LOAD C:/Program Files (x86)/Arm GNU Toolchain arm-none-eabi/13.2 Rel1/bin/../lib/gcc/arm-none-eabi/13.2.1/thumb/v8-m.base/nofp\libc_nano.a
END GROUP
START GROUP
LOAD C:/Program Files (x86)/Arm GNU Toolchain arm-none-eabi/13.2 Rel1/bin/../lib/gcc/arm-none-eabi/13.2.1/thumb/v8-m.base/nofp\libgcc.a
LOAD C:/Program Files (x86)/Arm GNU Toolchain arm-none-eabi/13.2 Rel1/bin/../lib/gcc/arm-none-eabi/13.2.1/thumb/v8-m.base/nofp\libc_nano.a
LOAD C:/Program Files (x86)/Arm GNU Toolchain arm-none-eabi/13.2 Rel1/bin/../lib/gcc/arm-none-eabi/13.2.1/thumb/v8-m.base/nofp\libnosys.a
END GROUP
START GROUP
LOAD C:/Program Files (x86)/Arm GNU Toolchain arm-none-eabi/13.2 Rel1/bin/../lib/gcc/arm-none-eabi/13.2.1/thumb/v8-m.base/nofp\libgcc.a
LOAD C:/Program Files (x86)/Arm GNU Toolchain arm-none-eabi/13.2 Rel1/bin/../lib/gcc/arm-none-eabi/13.2.1/thumb/v8-m.base/nofp\libc_nano.a
LOAD C:/Program Files (x86)/Arm GNU Toolchain arm-none-eabi/13.2 Rel1/bin/../lib/gcc/arm-none-eabi/13.2.1/thumb/v8-m.base/nofp\libnosys.a
END GROUP
LOAD C:/Program Files (x86)/Arm GNU Toolchain arm-none-eabi/13.2 Rel1/bin/../lib/gcc/arm-none-eabi/13.2.1/thumb/v8-m.base/nofp/crtend.o
LOAD C:/Program Files (x86)/Arm GNU Toolchain arm-none-eabi/13.2 Rel1/bin/../lib/gcc/arm-none-eabi/13.2.1/thumb/v8-m.base/nofp/crtn.o
                0x20004000                        RAM_START = 0x20004000
                0x00004000                        RAM_LENGTH = 0x4000
                0x00000000                        FLASH_START = 0x0
                0x00020000                        FLASH_LENGTH = 0x20000
                0x40100000                        DATA_FLASH_START = 0x40100000
                0x00001000                        DATA_FLASH_LENGTH = 0x1000
                0x00000000                        OPTION_SETTING_START = 0x0
                0x00000000                        OPTION_SETTING_LENGTH = 0x0
                0x80000000                        OPTION_SETTING_S_START = 0x80000000
                0x00000000                        OPTION_SETTING_S_LENGTH = 0x0
                0x01010018                        ID_CODE_START = 0x1010018
                0x00000020                        ID_CODE_LENGTH = 0x20
                0x80010000                        SDRAM_START = 0x80010000
                0x00000000                        SDRAM_LENGTH = 0x0
                0x60000000                        QSPI_FLASH_START = 0x60000000
                0x00000000                        QSPI_FLASH_LENGTH = 0x0
                0x80020000                        OSPI_DEVICE_0_START = 0x80020000
                0x00000000                        OSPI_DEVICE_0_LENGTH = 0x0
                0x80030000                        OSPI_DEVICE_1_START = 0x80030000
                0x00000000                        OSPI_DEVICE_1_LENGTH = 0x0
                0x00000000                        QSPI_FLASH_PRV_LENGTH = DEFINED (QSPI_FLASH_SIZE)?ABSOLUTE (QSPI_FLASH_SIZE):ABSOLUTE (QSPI_FLASH_LENGTH)
                0x00000000                        OSPI_DEVICE_0_PRV_LENGTH = DEFINED (OSPI_DEVICE_0_SIZE)?ABSOLUTE (OSPI_DEVICE_0_SIZE):ABSOLUTE (OSPI_DEVICE_0_LENGTH)
                0x00000000                        OSPI_DEVICE_1_PRV_LENGTH = DEFINED (OSPI_DEVICE_1_SIZE)?ABSOLUTE (OSPI_DEVICE_1_SIZE):ABSOLUTE (OSPI_DEVICE_1_LENGTH)
                0x00000000                        __RESERVE_NS_RAM = ((! (DEFINED (PROJECT_NONSECURE)) && DEFINED (RAM_NS_BUFFER_LENGTH)) && (OPTION_SETTING_S_LENGTH != 0x0))
                0x00000000                        ITCM_START = DEFINED (ITCM_START)?ITCM_START:0x0
                0x00000000                        ITCM_LENGTH = DEFINED (ITCM_LENGTH)?ITCM_LENGTH:0x0
                0x00000000                        DTCM_START = DEFINED (DTCM_START)?DTCM_START:0x0
                0x00000000                        DTCM_LENGTH = DEFINED (DTCM_LENGTH)?DTCM_LENGTH:0x0
                0x00000000                        RAM_NS_BUFFER_BLOCK_LENGTH = DEFINED (RAM_NS_BUFFER_LENGTH)?ALIGN (RAM_NS_BUFFER_LENGTH, 0x2000):0x0
                0x00000000                        RAM_NS_BUFFER_LENGTH = DEFINED (RAM_NS_BUFFER_LENGTH)?RAM_NS_BUFFER_LENGTH:0x0
                0x20008000                        RAM_NS_BUFFER_START = ((RAM_START + RAM_LENGTH) - RAM_NS_BUFFER_LENGTH)
                0x20008000                        RAM_NS_BUFFER_BLOCK_START = ((RAM_START + RAM_LENGTH) - RAM_NS_BUFFER_BLOCK_LENGTH)
                0x00000080                        OPTION_SETTING_START_NS = DEFINED (PROJECT_NONSECURE)?OPTION_SETTING_START:(OPTION_SETTING_START + 0x80)
                0x00000001                        __bl_FSP_BOOTABLE_IMAGE = 0x1
                0x00000001                        __bln_FSP_BOOTABLE_IMAGE = 0x1
                0x00000000                        PROJECT_SECURE_OR_FLAT = (((! (DEFINED (PROJECT_NONSECURE)) || DEFINED (PROJECT_SECURE)) && OPTION_SETTING_LENGTH) && ! (DEFINED (FSP_BOOTABLE_IMAGE)))
                0x00000000                        USE_OPTION_SETTING_NS = (DEFINED (PROJECT_NONSECURE) && ! (DEFINED (FSP_BOOTABLE_IMAGE)))
                0x00000000                        __bl_FLASH_IMAGE_START = ! (DEFINED (FLASH_BOOTLOADER_LENGTH))?0x0:(FLASH_APPLICATION_IMAGE_NUMBER == 0x1)?((FLASH_START + FLASH_BOOTLOADER_LENGTH) + FLASH_BOOTLOADER_HEADER_LENGTH):DEFINED (BOOTLOADER_SECONDARY_USE_QSPI)?(((FLASH_START + FLASH_BOOTLOADER_LENGTH) + FLASH_BOOTLOADER_SCRATCH_LENGTH) + FLASH_BOOTLOADER_HEADER_LENGTH):((((FLASH_START + FLASH_BOOTLOADER_LENGTH) + FLASH_BOOTLOADER_SCRATCH_LENGTH) + FLASH_APPLICATION_S_LENGTH) + FLASH_BOOTLOADER_HEADER_LENGTH)
                0x00000000                        __bl_FLASH_IMAGE_LENGTH = ! (DEFINED (FLASH_BOOTLOADER_LENGTH))?0x0:(FLASH_APPLICATION_S_LENGTH - FLASH_BOOTLOADER_HEADER_LENGTH)
                0x00000000                        __bl_FLASH_IMAGE_END = (__bl_FLASH_IMAGE_START + __bl_FLASH_IMAGE_LENGTH)
                0x00000000                        __bl_XIP_SECONDARY_FLASH_IMAGE_START = ! (DEFINED (FLASH_BOOTLOADER_LENGTH))?0x0:((FLASH_BOOTLOADER_LENGTH + FLASH_APPLICATION_S_LENGTH) + FLASH_BOOTLOADER_HEADER_LENGTH)
                0x00000000                        __bl_XIP_SECONDARY_FLASH_IMAGE_END = (__bl_XIP_SECONDARY_FLASH_IMAGE_START + __bl_FLASH_IMAGE_LENGTH)
                0x00000000                        __bl_FLASH_NS_START = ! (DEFINED (FLASH_BOOTLOADER_LENGTH))?0x0:(FLASH_APPLICATION_NS_LENGTH == 0x0)?__bl_FLASH_IMAGE_END:((__bl_FLASH_IMAGE_START - FLASH_BOOTLOADER_HEADER_LENGTH) + FLASH_APPLICATION_S_LENGTH)
                0x00000000                        __bl_FLASH_NSC_START = ! (DEFINED (FLASH_BOOTLOADER_LENGTH))?0x0:(FLASH_APPLICATION_NS_LENGTH == 0x0)?__bl_FLASH_IMAGE_END:(__bl_FLASH_IMAGE_END - FLASH_APPLICATION_NSC_LENGTH)
                0x00000000                        __bl_RAM_NS_START = ! (DEFINED (FLASH_BOOTLOADER_LENGTH))?0x0:(FLASH_APPLICATION_NS_LENGTH == 0x0)?(RAM_START + RAM_LENGTH):((RAM_START + RAM_LENGTH) - RAM_APPLICATION_NS_LENGTH)
                0x00000000                        __bl_RAM_NSC_START = ! (DEFINED (FLASH_BOOTLOADER_LENGTH))?0x0:(FLASH_APPLICATION_NS_LENGTH == 0x0)?(RAM_START + RAM_LENGTH):(__bl_RAM_NS_START - RAM_APPLICATION_NSC_LENGTH)
                0x00000000                        __bl_FLASH_NS_IMAGE_START = ! (DEFINED (FLASH_BOOTLOADER_LENGTH))?0x0:(FLASH_APPLICATION_NS_LENGTH == 0x0)?__bl_FLASH_IMAGE_END:(__bl_FLASH_NS_START + FLASH_BOOTLOADER_HEADER_LENGTH_2)
                0x00000000                        __bln_FLASH_IMAGE_START = (__bl_FLASH_NS_IMAGE_START | ! (DEFINED (NS_OFFSET_START))?0x0:NS_OFFSET_START)
                0x00000000                        __bln_FLASH_IMAGE_LENGTH = ! (DEFINED (FLASH_BOOTLOADER_LENGTH))?0x0:(FLASH_APPLICATION_NS_LENGTH == 0x0)?__bl_FLASH_IMAGE_END:(FLASH_APPLICATION_NS_LENGTH - FLASH_BOOTLOADER_HEADER_LENGTH_2)
                0x00000000                        XIP_SECONDARY_SLOT_IMAGE = DEFINED (XIP_SECONDARY_SLOT_IMAGE)?XIP_SECONDARY_SLOT_IMAGE:0x0
                0x00000000                        FLASH_ORIGIN = ! (DEFINED (FLASH_IMAGE_START))?FLASH_START:(XIP_SECONDARY_SLOT_IMAGE == 0x1)?XIP_SECONDARY_FLASH_IMAGE_START:FLASH_IMAGE_START
                0x00020000                        LIMITED_FLASH_LENGTH = DEFINED (FLASH_IMAGE_LENGTH)?FLASH_IMAGE_LENGTH:DEFINED (FLASH_BOOTLOADER_LENGTH)?FLASH_BOOTLOADER_LENGTH:FLASH_LENGTH
                0x00000034                        OPTION_SETTING_SAS_SIZE = 0x34
                0x00000000                        OPTION_SETTING_SAS_LENGTH = ! (DEFINED (OPTION_SETTING_LENGTH))?0x0:(OPTION_SETTING_LENGTH == 0x0)?0x0:(OPTION_SETTING_LENGTH - OPTION_SETTING_SAS_SIZE)
START GROUP
LOAD C:/Program Files (x86)/Arm GNU Toolchain arm-none-eabi/13.2 Rel1/bin/../lib/gcc/arm-none-eabi/13.2.1/thumb/v8-m.base/nofp\libgcc.a
LOAD C:/Program Files (x86)/Arm GNU Toolchain arm-none-eabi/13.2 Rel1/bin/../lib/gcc/arm-none-eabi/13.2.1/thumb/v8-m.base/nofp\libc.a
LOAD C:/Program Files (x86)/Arm GNU Toolchain arm-none-eabi/13.2 Rel1/bin/../lib/gcc/arm-none-eabi/13.2.1/thumb/v8-m.base/nofp\libm.a
END GROUP

.text           0x00000000     0x6c18
                0x00000000                        __tz_FLASH_S = ABSOLUTE (FLASH_START)
                0x00000000                        __ROM_Start = .
 *(.fixed_vectors*)
 .fixed_vectors
                0x00000000       0x40 ./ra/fsp/src/bsp/cmsis/Device/RENESAS/Source/startup.o
                0x00000000                __Vectors
 *(.application_vectors*)
 .application_vectors
                0x00000040       0x80 ./ra_gen/vector_data.o
                0x00000040                g_vector_table
                0x000000c0                        __Vectors_End = .
 *(.flash_gap*)
                0x00000400                        . = (OPTION_SETTING_LENGTH > 0x0)?.:(__ROM_Start + 0x400)
 *fill*         0x000000c0      0x340 ff
 *(.rom_registers*)
 .rom_registers
                0x00000400       0x3c ./ra/fsp/src/bsp/mcu/all/bsp_rom_registers.o
 *(.mcuboot_sce9_key*)
 *(.text*)
 .text.deregister_tm_clones
                0x0000043c       0x24 C:/Program Files (x86)/Arm GNU Toolchain arm-none-eabi/13.2 Rel1/bin/../lib/gcc/arm-none-eabi/13.2.1/thumb/v8-m.base/nofp/crtbegin.o
 .text.register_tm_clones
                0x00000460       0x2c C:/Program Files (x86)/Arm GNU Toolchain arm-none-eabi/13.2 Rel1/bin/../lib/gcc/arm-none-eabi/13.2.1/thumb/v8-m.base/nofp/crtbegin.o
 .text.__do_global_dtors_aux
                0x0000048c       0x30 C:/Program Files (x86)/Arm GNU Toolchain arm-none-eabi/13.2 Rel1/bin/../lib/gcc/arm-none-eabi/13.2.1/thumb/v8-m.base/nofp/crtbegin.o
 .text.frame_dummy
                0x000004bc       0x28 C:/Program Files (x86)/Arm GNU Toolchain arm-none-eabi/13.2 Rel1/bin/../lib/gcc/arm-none-eabi/13.2.1/thumb/v8-m.base/nofp/crtbegin.o
 .text.i2c_callback
                0x000004e4       0x10 ./src/eeprom/i2c_ee.o
                0x000004e4                i2c_callback
 .text.I2C_EE_Init
                0x000004f4       0x24 ./src/eeprom/i2c_ee.o
                0x000004f4                I2C_EE_Init
 .text.I2C_EE_Writepage
                0x00000518       0x8c ./src/eeprom/i2c_ee.o
                0x00000518                I2C_EE_Writepage
 .text.I2C_EE_BufferRead
                0x000005a4       0x80 ./src/eeprom/i2c_ee.o
                0x000005a4                I2C_EE_BufferRead
 .text.I2C_EE_Writedrase
                0x00000624       0x30 ./src/eeprom/i2c_ee.o
                0x00000624                I2C_EE_Writedrase
 .text.I2C_Test
                0x00000654      0x134 ./src/eeprom/i2c_ee.o
                0x00000654                I2C_Test
 .text.Debug_UART1_Init
                0x00000788       0x38 ./src/debug_uart/bsp_debug_uart.o
                0x00000788                Debug_UART1_Init
 .text.debug_uart1_callback
                0x000007c0       0x30 ./src/debug_uart/bsp_debug_uart.o
                0x000007c0                debug_uart1_callback
 .text._write   0x000007f0       0x28 ./src/debug_uart/bsp_debug_uart.o
                0x000007f0                _write
 .text.Queue_Wirte
                0x00000818       0x64 ./src/debug_uart/circular_queue.o
                0x00000818                Queue_Wirte
 .text.hal_entry
                0x0000087c       0x48 ./src/hal_entry.o
                0x0000087c                hal_entry
 .text.R_BSP_WarmStart
                0x000008c4       0x30 ./src/hal_entry.o
                0x000008c4                R_BSP_WarmStart
 .text.startup.main
                0x000008f4        0xc ./ra_gen/main.o
                0x000008f4                main
 .text.R_SCI_UART_Write
                0x00000900       0x48 ./ra/fsp/src/r_sci_uart/r_sci_uart.o
                0x00000900                R_SCI_UART_Write
 .text.r_sci_uart_call_callback
                0x00000948       0x50 ./ra/fsp/src/r_sci_uart/r_sci_uart.o
 .text.R_SCI_UART_Open
                0x00000998      0x228 ./ra/fsp/src/r_sci_uart/r_sci_uart.o
                0x00000998                R_SCI_UART_Open
 .text.sci_uart_txi_isr
                0x00000bc0       0x84 ./ra/fsp/src/r_sci_uart/r_sci_uart.o
                0x00000bc0                sci_uart_txi_isr
 .text.sci_uart_rxi_isr
                0x00000c44       0x8c ./ra/fsp/src/r_sci_uart/r_sci_uart.o
                0x00000c44                sci_uart_rxi_isr
 .text.sci_uart_tei_isr
                0x00000cd0       0x34 ./ra/fsp/src/r_sci_uart/r_sci_uart.o
                0x00000cd0                sci_uart_tei_isr
 .text.sci_uart_eri_isr
                0x00000d04       0x60 ./ra/fsp/src/r_sci_uart/r_sci_uart.o
                0x00000d04                sci_uart_eri_isr
 .text.R_IOPORT_PinWrite
                0x00000d64       0x28 ./ra/fsp/src/r_ioport/r_ioport.o
                0x00000d64                R_IOPORT_PinWrite
 .text.r_ioport_pins_config
                0x00000d8c       0xdc ./ra/fsp/src/r_ioport/r_ioport.o
 .text.R_IOPORT_Open
                0x00000e68       0x18 ./ra/fsp/src/r_ioport/r_ioport.o
                0x00000e68                R_IOPORT_Open
 .text.R_IIC_MASTER_SlaveAddressSet
                0x00000e80        0x8 ./ra/fsp/src/r_iic_master/r_iic_master.o
                0x00000e80                R_IIC_MASTER_SlaveAddressSet
 .text.R_IIC_MASTER_CallbackSet
                0x00000e88        0xc ./ra/fsp/src/r_iic_master/r_iic_master.o
                0x00000e88                R_IIC_MASTER_CallbackSet
 .text.R_IIC_MASTER_StatusGet
                0x00000e94       0x18 ./ra/fsp/src/r_iic_master/r_iic_master.o
                0x00000e94                R_IIC_MASTER_StatusGet
 .text.iic_master_notify
                0x00000eac       0x34 ./ra/fsp/src/r_iic_master/r_iic_master.o
 .text.iic_master_run_hw_master
                0x00000ee0       0xfc ./ra/fsp/src/r_iic_master/r_iic_master.o
 .text.R_IIC_MASTER_Read
                0x00000fdc       0x34 ./ra/fsp/src/r_iic_master/r_iic_master.o
                0x00000fdc                R_IIC_MASTER_Read
 .text.iic_master_open_hw_master
                0x00001010       0xcc ./ra/fsp/src/r_iic_master/r_iic_master.o
 .text.R_IIC_MASTER_Open
                0x000010dc       0x80 ./ra/fsp/src/r_iic_master/r_iic_master.o
                0x000010dc                R_IIC_MASTER_Open
 .text.R_IIC_MASTER_Write
                0x0000115c       0x30 ./ra/fsp/src/r_iic_master/r_iic_master.o
                0x0000115c                R_IIC_MASTER_Write
 .text.R_IIC_MASTER_Abort
                0x0000118c       0x30 ./ra/fsp/src/r_iic_master/r_iic_master.o
                0x0000118c                R_IIC_MASTER_Abort
 .text.R_IIC_MASTER_Close
                0x000011bc       0x88 ./ra/fsp/src/r_iic_master/r_iic_master.o
                0x000011bc                R_IIC_MASTER_Close
 .text.iic_master_rxi_isr
                0x00001244      0x138 ./ra/fsp/src/r_iic_master/r_iic_master.o
                0x00001244                iic_master_rxi_isr
 .text.iic_master_txi_isr
                0x0000137c       0xdc ./ra/fsp/src/r_iic_master/r_iic_master.o
                0x0000137c                iic_master_txi_isr
 .text.iic_master_tei_isr
                0x00001458       0x9c ./ra/fsp/src/r_iic_master/r_iic_master.o
                0x00001458                iic_master_tei_isr
 .text.iic_master_eri_isr
                0x000014f4      0x110 ./ra/fsp/src/r_iic_master/r_iic_master.o
                0x000014f4                iic_master_eri_isr
 .text.r_icu_isr
                0x00001604       0x60 ./ra/fsp/src/r_icu/r_icu.o
                0x00001604                r_icu_isr
 .text.r_adc_call_callback
                0x00001664       0x3c ./ra/fsp/src/r_adc/r_adc.o
 .text.r_adc_scan_end_common_isr
                0x000016a0       0x4c ./ra/fsp/src/r_adc/r_adc.o
 .text.adc_scan_end_isr
                0x000016ec        0xc ./ra/fsp/src/r_adc/r_adc.o
                0x000016ec                adc_scan_end_isr
 .text.SystemCoreClockUpdate
                0x000016f8       0x2c ./ra/fsp/src/bsp/mcu/all/bsp_clocks.o
                0x000016f8                SystemCoreClockUpdate
 .text.bsp_clock_init
                0x00001724      0x108 ./ra/fsp/src/bsp/mcu/all/bsp_clocks.o
                0x00001724                bsp_clock_init
 .text.R_BSP_Init_RTC
                0x0000182c       0x10 ./ra/fsp/src/bsp/mcu/all/bsp_clocks.o
                0x0000182c                R_BSP_Init_RTC
 .text.bsp_init_internal
                0x0000183c        0x4 ./ra/fsp/src/bsp/mcu/all/bsp_common.o
                0x0000183c                bsp_init_internal
                0x0000183c                bsp_init
 .text.__assert_func
                0x00001840        0x4 ./ra/fsp/src/bsp/mcu/all/bsp_common.o
                0x00001840                __assert_func
 .text.bsp_prv_software_delay_loop
                0x00001844        0x8 ./ra/fsp/src/bsp/mcu/all/bsp_delay.o
                0x00001844                bsp_prv_software_delay_loop
 .text.R_BSP_SoftwareDelay
                0x0000184c       0x5c ./ra/fsp/src/bsp/mcu/all/bsp_delay.o
                0x0000184c                R_BSP_SoftwareDelay
 .text.NMI_Handler
                0x000018a8       0x4c ./ra/fsp/src/bsp/mcu/all/bsp_group_irq.o
                0x000018a8                NMI_Handler
 .text.R_BSP_IrqStatusClear
                0x000018f4       0x1c ./ra/fsp/src/bsp/mcu/all/bsp_irq.o
                0x000018f4                R_BSP_IrqStatusClear
 .text.R_BSP_IrqCfg
                0x00001910       0x4c ./ra/fsp/src/bsp/mcu/all/bsp_irq.o
                0x00001910                R_BSP_IrqCfg
 .text.R_BSP_IrqEnable
                0x0000195c       0x44 ./ra/fsp/src/bsp/mcu/all/bsp_irq.o
                0x0000195c                R_BSP_IrqEnable
 .text.R_BSP_IrqDisable
                0x000019a0       0x24 ./ra/fsp/src/bsp/mcu/all/bsp_irq.o
                0x000019a0                R_BSP_IrqDisable
 .text.R_BSP_IrqCfgEnable
                0x000019c4       0x8c ./ra/fsp/src/bsp/mcu/all/bsp_irq.o
                0x000019c4                R_BSP_IrqCfgEnable
 .text.bsp_irq_cfg
                0x00001a50       0x28 ./ra/fsp/src/bsp/mcu/all/bsp_irq.o
                0x00001a50                bsp_irq_cfg
 .text.R_BSP_RegisterProtectEnable
                0x00001a78       0x54 ./ra/fsp/src/bsp/mcu/all/bsp_register_protection.o
                0x00001a78                R_BSP_RegisterProtectEnable
 .text.R_BSP_RegisterProtectDisable
                0x00001acc       0x4c ./ra/fsp/src/bsp/mcu/all/bsp_register_protection.o
                0x00001acc                R_BSP_RegisterProtectDisable
 .text._sbrk    0x00001b18       0x44 ./ra/fsp/src/bsp/mcu/all/bsp_sbrk.o
                0x00001b18                _sbrk
 .text.Default_Handler
                0x00001b5c        0x4 ./ra/fsp/src/bsp/cmsis/Device/RENESAS/Source/startup.o
                0x00001b5c                DebugMon_Handler
                0x00001b5c                HardFault_Handler
                0x00001b5c                SysTick_Handler
                0x00001b5c                PendSV_Handler
                0x00001b5c                UsageFault_Handler
                0x00001b5c                SecureFault_Handler
                0x00001b5c                Default_Handler
                0x00001b5c                MemManage_Handler
                0x00001b5c                SVC_Handler
                0x00001b5c                BusFault_Handler
 .text.Reset_Handler
                0x00001b60        0xc ./ra/fsp/src/bsp/cmsis/Device/RENESAS/Source/startup.o
                0x00001b60                Reset_Handler
 .text.SystemInit
                0x00001b6c      0x144 ./ra/fsp/src/bsp/cmsis/Device/RENESAS/Source/system.o
                0x00001b6c                SystemInit
 .text          0x00001cb0       0x3c C:/Program Files (x86)/Arm GNU Toolchain arm-none-eabi/13.2 Rel1/bin/../lib/gcc/arm-none-eabi/13.2.1/thumb/v8-m.base/nofp\libgcc.a(_clzsi2.o)
                0x00001cb0                __clzsi2
 .text.__muldi3
                0x00001cec       0x5c C:/Program Files (x86)/Arm GNU Toolchain arm-none-eabi/13.2 Rel1/bin/../lib/gcc/arm-none-eabi/13.2.1/thumb/v8-m.base/nofp\libgcc.a(_muldi3.o)
                0x00001cec                __muldi3
                0x00001cec                __aeabi_lmul
 .text.__aeabi_ddiv
                0x00001d48      0x678 C:/Program Files (x86)/Arm GNU Toolchain arm-none-eabi/13.2 Rel1/bin/../lib/gcc/arm-none-eabi/13.2.1/thumb/v8-m.base/nofp\libgcc.a(divdf3.o)
                0x00001d48                __aeabi_ddiv
 .text.__aeabi_dmul
                0x000023c0      0x5b4 C:/Program Files (x86)/Arm GNU Toolchain arm-none-eabi/13.2 Rel1/bin/../lib/gcc/arm-none-eabi/13.2.1/thumb/v8-m.base/nofp\libgcc.a(muldf3.o)
                0x000023c0                __aeabi_dmul
 .text.__aeabi_i2d
                0x00002974       0x58 C:/Program Files (x86)/Arm GNU Toolchain arm-none-eabi/13.2 Rel1/bin/../lib/gcc/arm-none-eabi/13.2.1/thumb/v8-m.base/nofp\libgcc.a(floatsidf.o)
                0x00002974                __aeabi_i2d
 .text.__cvt    0x000029cc       0xc8 C:/Program Files (x86)/Arm GNU Toolchain arm-none-eabi/13.2 Rel1/bin/../lib/gcc/arm-none-eabi/13.2.1/thumb/v8-m.base/nofp\libg_nano.a(libc_a-nano-vfprintf_float.o)
                0x000029cc                __cvt
 .text.__exponent
                0x00002a94       0x6e C:/Program Files (x86)/Arm GNU Toolchain arm-none-eabi/13.2 Rel1/bin/../lib/gcc/arm-none-eabi/13.2.1/thumb/v8-m.base/nofp\libg_nano.a(libc_a-nano-vfprintf_float.o)
                0x00002a94                __exponent
 *fill*         0x00002b02        0x2 ff
 .text._printf_float
                0x00002b04      0x470 C:/Program Files (x86)/Arm GNU Toolchain arm-none-eabi/13.2 Rel1/bin/../lib/gcc/arm-none-eabi/13.2.1/thumb/v8-m.base/nofp\libg_nano.a(libc_a-nano-vfprintf_float.o)
                0x00002b04                _printf_float
 .text._printf_common
                0x00002f74       0xdc C:/Program Files (x86)/Arm GNU Toolchain arm-none-eabi/13.2 Rel1/bin/../lib/gcc/arm-none-eabi/13.2.1/thumb/v8-m.base/nofp\libg_nano.a(libc_a-nano-vfprintf_i.o)
                0x00002f74                _printf_common
 .text._printf_i
                0x00003050      0x20c C:/Program Files (x86)/Arm GNU Toolchain arm-none-eabi/13.2 Rel1/bin/../lib/gcc/arm-none-eabi/13.2.1/thumb/v8-m.base/nofp\libg_nano.a(libc_a-nano-vfprintf_i.o)
                0x00003050                _printf_i
 .text.std      0x0000325c       0x6c C:/Program Files (x86)/Arm GNU Toolchain arm-none-eabi/13.2 Rel1/bin/../lib/gcc/arm-none-eabi/13.2.1/thumb/v8-m.base/nofp\libg_nano.a(libc_a-findfp.o)
 .text.stdio_exit_handler
                0x000032c8       0x1c C:/Program Files (x86)/Arm GNU Toolchain arm-none-eabi/13.2 Rel1/bin/../lib/gcc/arm-none-eabi/13.2.1/thumb/v8-m.base/nofp\libg_nano.a(libc_a-findfp.o)
 .text.cleanup_stdio
                0x000032e4       0x3c C:/Program Files (x86)/Arm GNU Toolchain arm-none-eabi/13.2 Rel1/bin/../lib/gcc/arm-none-eabi/13.2.1/thumb/v8-m.base/nofp\libg_nano.a(libc_a-findfp.o)
 .text.global_stdio_init.part.0
                0x00003320       0x3c C:/Program Files (x86)/Arm GNU Toolchain arm-none-eabi/13.2 Rel1/bin/../lib/gcc/arm-none-eabi/13.2.1/thumb/v8-m.base/nofp\libg_nano.a(libc_a-findfp.o)
 .text.__sfp_lock_acquire
                0x0000335c       0x10 C:/Program Files (x86)/Arm GNU Toolchain arm-none-eabi/13.2 Rel1/bin/../lib/gcc/arm-none-eabi/13.2.1/thumb/v8-m.base/nofp\libg_nano.a(libc_a-findfp.o)
                0x0000335c                __sfp_lock_acquire
 .text.__sfp_lock_release
                0x0000336c       0x10 C:/Program Files (x86)/Arm GNU Toolchain arm-none-eabi/13.2 Rel1/bin/../lib/gcc/arm-none-eabi/13.2.1/thumb/v8-m.base/nofp\libg_nano.a(libc_a-findfp.o)
                0x0000336c                __sfp_lock_release
 .text.__sinit  0x0000337c       0x2c C:/Program Files (x86)/Arm GNU Toolchain arm-none-eabi/13.2 Rel1/bin/../lib/gcc/arm-none-eabi/13.2.1/thumb/v8-m.base/nofp\libg_nano.a(libc_a-findfp.o)
                0x0000337c                __sinit
 .text._fwalk_sglue
                0x000033a8       0x38 C:/Program Files (x86)/Arm GNU Toolchain arm-none-eabi/13.2 Rel1/bin/../lib/gcc/arm-none-eabi/13.2.1/thumb/v8-m.base/nofp\libg_nano.a(libc_a-fwalk.o)
                0x000033a8                _fwalk_sglue
 .text.printf   0x000033e0       0x20 C:/Program Files (x86)/Arm GNU Toolchain arm-none-eabi/13.2 Rel1/bin/../lib/gcc/arm-none-eabi/13.2.1/thumb/v8-m.base/nofp\libg_nano.a(libc_a-printf.o)
                0x000033e0                iprintf
                0x000033e0                printf
 .text.putchar  0x00003400       0x14 C:/Program Files (x86)/Arm GNU Toolchain arm-none-eabi/13.2 Rel1/bin/../lib/gcc/arm-none-eabi/13.2.1/thumb/v8-m.base/nofp\libg_nano.a(libc_a-putchar.o)
                0x00003400                putchar
 .text._puts_r  0x00003414       0xa6 C:/Program Files (x86)/Arm GNU Toolchain arm-none-eabi/13.2 Rel1/bin/../lib/gcc/arm-none-eabi/13.2.1/thumb/v8-m.base/nofp\libg_nano.a(libc_a-puts.o)
                0x00003414                _puts_r
 *fill*         0x000034ba        0x2 ff
 .text.puts     0x000034bc       0x14 C:/Program Files (x86)/Arm GNU Toolchain arm-none-eabi/13.2 Rel1/bin/../lib/gcc/arm-none-eabi/13.2.1/thumb/v8-m.base/nofp\libg_nano.a(libc_a-puts.o)
                0x000034bc                puts
 .text.__sread  0x000034d0       0x28 C:/Program Files (x86)/Arm GNU Toolchain arm-none-eabi/13.2 Rel1/bin/../lib/gcc/arm-none-eabi/13.2.1/thumb/v8-m.base/nofp\libg_nano.a(libc_a-stdio.o)
                0x000034d0                __sread
 .text.__swrite
                0x000034f8       0x38 C:/Program Files (x86)/Arm GNU Toolchain arm-none-eabi/13.2 Rel1/bin/../lib/gcc/arm-none-eabi/13.2.1/thumb/v8-m.base/nofp\libg_nano.a(libc_a-stdio.o)
                0x000034f8                __swrite
 .text.__sseek  0x00003530       0x2c C:/Program Files (x86)/Arm GNU Toolchain arm-none-eabi/13.2 Rel1/bin/../lib/gcc/arm-none-eabi/13.2.1/thumb/v8-m.base/nofp\libg_nano.a(libc_a-stdio.o)
                0x00003530                __sseek
 .text.__sclose
                0x0000355c        0xc C:/Program Files (x86)/Arm GNU Toolchain arm-none-eabi/13.2 Rel1/bin/../lib/gcc/arm-none-eabi/13.2.1/thumb/v8-m.base/nofp\libg_nano.a(libc_a-stdio.o)
                0x0000355c                __sclose
 .text.__swbuf_r
                0x00003568       0x7c C:/Program Files (x86)/Arm GNU Toolchain arm-none-eabi/13.2 Rel1/bin/../lib/gcc/arm-none-eabi/13.2.1/thumb/v8-m.base/nofp\libg_nano.a(libc_a-wbuf.o)
                0x00003568                __swbuf_r
 .text.__swsetup_r
                0x000035e4       0xb0 C:/Program Files (x86)/Arm GNU Toolchain arm-none-eabi/13.2 Rel1/bin/../lib/gcc/arm-none-eabi/13.2.1/thumb/v8-m.base/nofp\libg_nano.a(libc_a-wsetup.o)
                0x000035e4                __swsetup_r
 .text.memset   0x00003694       0x10 C:/Program Files (x86)/Arm GNU Toolchain arm-none-eabi/13.2 Rel1/bin/../lib/gcc/arm-none-eabi/13.2.1/thumb/v8-m.base/nofp\libg_nano.a(libc_a-memset.o)
                0x00003694                memset
 .text._localeconv_r
                0x000036a4        0x8 C:/Program Files (x86)/Arm GNU Toolchain arm-none-eabi/13.2 Rel1/bin/../lib/gcc/arm-none-eabi/13.2.1/thumb/v8-m.base/nofp\libg_nano.a(libc_a-localeconv.o)
                0x000036a4                _localeconv_r
 .text._close_r
                0x000036ac       0x20 C:/Program Files (x86)/Arm GNU Toolchain arm-none-eabi/13.2 Rel1/bin/../lib/gcc/arm-none-eabi/13.2.1/thumb/v8-m.base/nofp\libg_nano.a(libc_a-closer.o)
                0x000036ac                _close_r
 .text._lseek_r
                0x000036cc       0x24 C:/Program Files (x86)/Arm GNU Toolchain arm-none-eabi/13.2 Rel1/bin/../lib/gcc/arm-none-eabi/13.2.1/thumb/v8-m.base/nofp\libg_nano.a(libc_a-lseekr.o)
                0x000036cc                _lseek_r
 .text._read_r  0x000036f0       0x24 C:/Program Files (x86)/Arm GNU Toolchain arm-none-eabi/13.2 Rel1/bin/../lib/gcc/arm-none-eabi/13.2.1/thumb/v8-m.base/nofp\libg_nano.a(libc_a-readr.o)
                0x000036f0                _read_r
 .text._write_r
                0x00003714       0x24 C:/Program Files (x86)/Arm GNU Toolchain arm-none-eabi/13.2 Rel1/bin/../lib/gcc/arm-none-eabi/13.2.1/thumb/v8-m.base/nofp\libg_nano.a(libc_a-writer.o)
                0x00003714                _write_r
 .text.__errno  0x00003738        0xc C:/Program Files (x86)/Arm GNU Toolchain arm-none-eabi/13.2 Rel1/bin/../lib/gcc/arm-none-eabi/13.2.1/thumb/v8-m.base/nofp\libg_nano.a(libc_a-errno.o)
                0x00003738                __errno
 .text.__retarget_lock_init_recursive
                0x00003744        0x2 C:/Program Files (x86)/Arm GNU Toolchain arm-none-eabi/13.2 Rel1/bin/../lib/gcc/arm-none-eabi/13.2.1/thumb/v8-m.base/nofp\libg_nano.a(libc_a-lock.o)
                0x00003744                __retarget_lock_init_recursive
 .text.__retarget_lock_acquire_recursive
                0x00003746        0x2 C:/Program Files (x86)/Arm GNU Toolchain arm-none-eabi/13.2 Rel1/bin/../lib/gcc/arm-none-eabi/13.2.1/thumb/v8-m.base/nofp\libg_nano.a(libc_a-lock.o)
                0x00003746                __retarget_lock_acquire_recursive
 .text.__retarget_lock_release_recursive
                0x00003748        0x2 C:/Program Files (x86)/Arm GNU Toolchain arm-none-eabi/13.2 Rel1/bin/../lib/gcc/arm-none-eabi/13.2.1/thumb/v8-m.base/nofp\libg_nano.a(libc_a-lock.o)
                0x00003748                __retarget_lock_release_recursive
 .text.memchr   0x0000374a       0x16 C:/Program Files (x86)/Arm GNU Toolchain arm-none-eabi/13.2 Rel1/bin/../lib/gcc/arm-none-eabi/13.2.1/thumb/v8-m.base/nofp\libg_nano.a(libc_a-memchr-stub.o)
                0x0000374a                memchr
 .text.memcpy   0x00003760       0x12 C:/Program Files (x86)/Arm GNU Toolchain arm-none-eabi/13.2 Rel1/bin/../lib/gcc/arm-none-eabi/13.2.1/thumb/v8-m.base/nofp\libg_nano.a(libc_a-memcpy-stub.o)
                0x00003760                memcpy
 .text          0x00003772        0xe C:/Program Files (x86)/Arm GNU Toolchain arm-none-eabi/13.2 Rel1/bin/../lib/gcc/arm-none-eabi/13.2.1/thumb/v8-m.base/nofp\libg_nano.a(libc_a-strlen.o)
                0x00003772                strlen
 .text.quorem   0x00003780      0x10e C:/Program Files (x86)/Arm GNU Toolchain arm-none-eabi/13.2 Rel1/bin/../lib/gcc/arm-none-eabi/13.2.1/thumb/v8-m.base/nofp\libg_nano.a(libc_a-dtoa.o)
 *fill*         0x0000388e        0x2 ff
 .text._dtoa_r  0x00003890      0xbac C:/Program Files (x86)/Arm GNU Toolchain arm-none-eabi/13.2 Rel1/bin/../lib/gcc/arm-none-eabi/13.2.1/thumb/v8-m.base/nofp\libg_nano.a(libc_a-dtoa.o)
                0x00003890                _dtoa_r
 .text._free_r  0x0000443c       0x90 C:/Program Files (x86)/Arm GNU Toolchain arm-none-eabi/13.2 Rel1/bin/../lib/gcc/arm-none-eabi/13.2.1/thumb/v8-m.base/nofp\libg_nano.a(libc_a-freer.o)
                0x0000443c                _free_r
 .text.malloc   0x000044cc       0x14 C:/Program Files (x86)/Arm GNU Toolchain arm-none-eabi/13.2 Rel1/bin/../lib/gcc/arm-none-eabi/13.2.1/thumb/v8-m.base/nofp\libg_nano.a(libc_a-malloc.o)
                0x000044cc                malloc
 .text.sbrk_aligned
                0x000044e0       0x44 C:/Program Files (x86)/Arm GNU Toolchain arm-none-eabi/13.2 Rel1/bin/../lib/gcc/arm-none-eabi/13.2.1/thumb/v8-m.base/nofp\libg_nano.a(libc_a-mallocr.o)
 .text._malloc_r
                0x00004524      0x100 C:/Program Files (x86)/Arm GNU Toolchain arm-none-eabi/13.2 Rel1/bin/../lib/gcc/arm-none-eabi/13.2.1/thumb/v8-m.base/nofp\libg_nano.a(libc_a-mallocr.o)
                0x00004524                _malloc_r
 .text.__malloc_lock
                0x00004624       0x10 C:/Program Files (x86)/Arm GNU Toolchain arm-none-eabi/13.2 Rel1/bin/../lib/gcc/arm-none-eabi/13.2.1/thumb/v8-m.base/nofp\libg_nano.a(libc_a-mlock.o)
                0x00004624                __malloc_lock
 .text.__malloc_unlock
                0x00004634       0x10 C:/Program Files (x86)/Arm GNU Toolchain arm-none-eabi/13.2 Rel1/bin/../lib/gcc/arm-none-eabi/13.2.1/thumb/v8-m.base/nofp\libg_nano.a(libc_a-mlock.o)
                0x00004634                __malloc_unlock
 .text._Balloc  0x00004644       0x80 C:/Program Files (x86)/Arm GNU Toolchain arm-none-eabi/13.2 Rel1/bin/../lib/gcc/arm-none-eabi/13.2.1/thumb/v8-m.base/nofp\libg_nano.a(libc_a-mprec.o)
                0x00004644                _Balloc
 .text._Bfree   0x000046c4       0x44 C:/Program Files (x86)/Arm GNU Toolchain arm-none-eabi/13.2 Rel1/bin/../lib/gcc/arm-none-eabi/13.2.1/thumb/v8-m.base/nofp\libg_nano.a(libc_a-mprec.o)
                0x000046c4                _Bfree
 .text.__multadd
                0x00004708       0x84 C:/Program Files (x86)/Arm GNU Toolchain arm-none-eabi/13.2 Rel1/bin/../lib/gcc/arm-none-eabi/13.2.1/thumb/v8-m.base/nofp\libg_nano.a(libc_a-mprec.o)
                0x00004708                __multadd
 .text.__hi0bits
                0x0000478c       0x42 C:/Program Files (x86)/Arm GNU Toolchain arm-none-eabi/13.2 Rel1/bin/../lib/gcc/arm-none-eabi/13.2.1/thumb/v8-m.base/nofp\libg_nano.a(libc_a-mprec.o)
                0x0000478c                __hi0bits
 .text.__lo0bits
                0x000047ce       0x5a C:/Program Files (x86)/Arm GNU Toolchain arm-none-eabi/13.2 Rel1/bin/../lib/gcc/arm-none-eabi/13.2.1/thumb/v8-m.base/nofp\libg_nano.a(libc_a-mprec.o)
                0x000047ce                __lo0bits
 .text.__i2b    0x00004828       0x2c C:/Program Files (x86)/Arm GNU Toolchain arm-none-eabi/13.2 Rel1/bin/../lib/gcc/arm-none-eabi/13.2.1/thumb/v8-m.base/nofp\libg_nano.a(libc_a-mprec.o)
                0x00004828                __i2b
 .text.__multiply
                0x00004854      0x150 C:/Program Files (x86)/Arm GNU Toolchain arm-none-eabi/13.2 Rel1/bin/../lib/gcc/arm-none-eabi/13.2.1/thumb/v8-m.base/nofp\libg_nano.a(libc_a-mprec.o)
                0x00004854                __multiply
 .text.__pow5mult
                0x000049a4       0xb0 C:/Program Files (x86)/Arm GNU Toolchain arm-none-eabi/13.2 Rel1/bin/../lib/gcc/arm-none-eabi/13.2.1/thumb/v8-m.base/nofp\libg_nano.a(libc_a-mprec.o)
                0x000049a4                __pow5mult
 .text.__lshift
                0x00004a54       0xd4 C:/Program Files (x86)/Arm GNU Toolchain arm-none-eabi/13.2 Rel1/bin/../lib/gcc/arm-none-eabi/13.2.1/thumb/v8-m.base/nofp\libg_nano.a(libc_a-mprec.o)
                0x00004a54                __lshift
 .text.__mcmp   0x00004b28       0x36 C:/Program Files (x86)/Arm GNU Toolchain arm-none-eabi/13.2 Rel1/bin/../lib/gcc/arm-none-eabi/13.2.1/thumb/v8-m.base/nofp\libg_nano.a(libc_a-mprec.o)
                0x00004b28                __mcmp
 *fill*         0x00004b5e        0x2 ff
 .text.__mdiff  0x00004b60      0x12c C:/Program Files (x86)/Arm GNU Toolchain arm-none-eabi/13.2 Rel1/bin/../lib/gcc/arm-none-eabi/13.2.1/thumb/v8-m.base/nofp\libg_nano.a(libc_a-mprec.o)
                0x00004b60                __mdiff
 .text.__d2b    0x00004c8c       0xb8 C:/Program Files (x86)/Arm GNU Toolchain arm-none-eabi/13.2 Rel1/bin/../lib/gcc/arm-none-eabi/13.2.1/thumb/v8-m.base/nofp\libg_nano.a(libc_a-mprec.o)
                0x00004c8c                __d2b
 .text.__sfputc_r
                0x00004d44       0x2a C:/Program Files (x86)/Arm GNU Toolchain arm-none-eabi/13.2 Rel1/bin/../lib/gcc/arm-none-eabi/13.2.1/thumb/v8-m.base/nofp\libg_nano.a(libc_a-nano-vfprintf.o)
 .text.__sfputs_r
                0x00004d6e       0x24 C:/Program Files (x86)/Arm GNU Toolchain arm-none-eabi/13.2 Rel1/bin/../lib/gcc/arm-none-eabi/13.2.1/thumb/v8-m.base/nofp\libg_nano.a(libc_a-nano-vfprintf.o)
                0x00004d6e                __sfputs_r
 *fill*         0x00004d92        0x2 ff
 .text._vfprintf_r
                0x00004d94      0x22c C:/Program Files (x86)/Arm GNU Toolchain arm-none-eabi/13.2 Rel1/bin/../lib/gcc/arm-none-eabi/13.2.1/thumb/v8-m.base/nofp\libg_nano.a(libc_a-nano-vfprintf.o)
                0x00004d94                _vfprintf_r
                0x00004d94                _vfiprintf_r
 .text.__sflush_r
                0x00004fc0      0x104 C:/Program Files (x86)/Arm GNU Toolchain arm-none-eabi/13.2 Rel1/bin/../lib/gcc/arm-none-eabi/13.2.1/thumb/v8-m.base/nofp\libg_nano.a(libc_a-fflush.o)
                0x00004fc0                __sflush_r
 .text._fflush_r
                0x000050c4       0x50 C:/Program Files (x86)/Arm GNU Toolchain arm-none-eabi/13.2 Rel1/bin/../lib/gcc/arm-none-eabi/13.2.1/thumb/v8-m.base/nofp\libg_nano.a(libc_a-fflush.o)
                0x000050c4                _fflush_r
 .text.__swhatbuf_r
                0x00005114       0x54 C:/Program Files (x86)/Arm GNU Toolchain arm-none-eabi/13.2 Rel1/bin/../lib/gcc/arm-none-eabi/13.2.1/thumb/v8-m.base/nofp\libg_nano.a(libc_a-makebuf.o)
                0x00005114                __swhatbuf_r
 .text.__smakebuf_r
                0x00005168       0x7c C:/Program Files (x86)/Arm GNU Toolchain arm-none-eabi/13.2 Rel1/bin/../lib/gcc/arm-none-eabi/13.2.1/thumb/v8-m.base/nofp\libg_nano.a(libc_a-makebuf.o)
                0x00005168                __smakebuf_r
 .text._putc_r  0x000051e4       0x68 C:/Program Files (x86)/Arm GNU Toolchain arm-none-eabi/13.2 Rel1/bin/../lib/gcc/arm-none-eabi/13.2.1/thumb/v8-m.base/nofp\libg_nano.a(libc_a-putc.o)
                0x000051e4                _putc_r
 .text._fstat_r
                0x0000524c       0x24 C:/Program Files (x86)/Arm GNU Toolchain arm-none-eabi/13.2 Rel1/bin/../lib/gcc/arm-none-eabi/13.2.1/thumb/v8-m.base/nofp\libg_nano.a(libc_a-fstatr.o)
                0x0000524c                _fstat_r
 .text._isatty_r
                0x00005270       0x20 C:/Program Files (x86)/Arm GNU Toolchain arm-none-eabi/13.2 Rel1/bin/../lib/gcc/arm-none-eabi/13.2.1/thumb/v8-m.base/nofp\libg_nano.a(libc_a-isattyr.o)
                0x00005270                _isatty_r
 .text._sbrk_r  0x00005290       0x20 C:/Program Files (x86)/Arm GNU Toolchain arm-none-eabi/13.2 Rel1/bin/../lib/gcc/arm-none-eabi/13.2.1/thumb/v8-m.base/nofp\libg_nano.a(libc_a-sbrkr.o)
                0x00005290                _sbrk_r
 .text._calloc_r
                0x000052b0       0x54 C:/Program Files (x86)/Arm GNU Toolchain arm-none-eabi/13.2 Rel1/bin/../lib/gcc/arm-none-eabi/13.2.1/thumb/v8-m.base/nofp\libg_nano.a(libc_a-callocr.o)
                0x000052b0                _calloc_r
 .text.__ascii_mbtowc
                0x00005304       0x20 C:/Program Files (x86)/Arm GNU Toolchain arm-none-eabi/13.2 Rel1/bin/../lib/gcc/arm-none-eabi/13.2.1/thumb/v8-m.base/nofp\libg_nano.a(libc_a-mbtowc_r.o)
                0x00005304                __ascii_mbtowc
 .text.__ascii_wctomb
                0x00005324       0x1a C:/Program Files (x86)/Arm GNU Toolchain arm-none-eabi/13.2 Rel1/bin/../lib/gcc/arm-none-eabi/13.2.1/thumb/v8-m.base/nofp\libg_nano.a(libc_a-wctomb_r.o)
                0x00005324                __ascii_wctomb
 *fill*         0x0000533e        0x2 ff
 .text          0x00005340       0x14 C:/Program Files (x86)/Arm GNU Toolchain arm-none-eabi/13.2 Rel1/bin/../lib/gcc/arm-none-eabi/13.2.1/thumb/v8-m.base/nofp\libgcc.a(_thumb1_case_uqi.o)
                0x00005340                __gnu_thumb1_case_uqi
 .text          0x00005354       0x14 C:/Program Files (x86)/Arm GNU Toolchain arm-none-eabi/13.2 Rel1/bin/../lib/gcc/arm-none-eabi/13.2.1/thumb/v8-m.base/nofp\libgcc.a(_thumb1_case_shi.o)
                0x00005354                __gnu_thumb1_case_shi
 .text          0x00005368       0x7c C:/Program Files (x86)/Arm GNU Toolchain arm-none-eabi/13.2 Rel1/bin/../lib/gcc/arm-none-eabi/13.2.1/thumb/v8-m.base/nofp\libgcc.a(_arm_cmpdf2.o)
                0x00005368                __aeabi_cdrcmple
                0x00005378                __aeabi_cdcmple
                0x00005378                __aeabi_cdcmpeq
                0x00005388                __aeabi_dcmpeq
                0x00005394                __aeabi_dcmplt
                0x000053a8                __aeabi_dcmple
                0x000053bc                __aeabi_dcmpgt
                0x000053d0                __aeabi_dcmpge
 .text.__aeabi_dadd
                0x000053e4      0x704 C:/Program Files (x86)/Arm GNU Toolchain arm-none-eabi/13.2 Rel1/bin/../lib/gcc/arm-none-eabi/13.2.1/thumb/v8-m.base/nofp\libgcc.a(adddf3.o)
                0x000053e4                __aeabi_dadd
 .text.__eqdf2  0x00005ae8       0x88 C:/Program Files (x86)/Arm GNU Toolchain arm-none-eabi/13.2 Rel1/bin/../lib/gcc/arm-none-eabi/13.2.1/thumb/v8-m.base/nofp\libgcc.a(eqdf2.o)
                0x00005ae8                __nedf2
                0x00005ae8                __eqdf2
 .text.__gedf2  0x00005b70       0xdc C:/Program Files (x86)/Arm GNU Toolchain arm-none-eabi/13.2 Rel1/bin/../lib/gcc/arm-none-eabi/13.2.1/thumb/v8-m.base/nofp\libgcc.a(gedf2.o)
                0x00005b70                __gedf2
                0x00005b70                __gtdf2
 .text.__ledf2  0x00005c4c       0xdc C:/Program Files (x86)/Arm GNU Toolchain arm-none-eabi/13.2 Rel1/bin/../lib/gcc/arm-none-eabi/13.2.1/thumb/v8-m.base/nofp\libgcc.a(ledf2.o)
                0x00005c4c                __ledf2
                0x00005c4c                __ltdf2
 .text.__aeabi_dsub
                0x00005d28      0x7a4 C:/Program Files (x86)/Arm GNU Toolchain arm-none-eabi/13.2 Rel1/bin/../lib/gcc/arm-none-eabi/13.2.1/thumb/v8-m.base/nofp\libgcc.a(subdf3.o)
                0x00005d28                __aeabi_dsub
 .text.__aeabi_dcmpun
                0x000064cc       0x38 C:/Program Files (x86)/Arm GNU Toolchain arm-none-eabi/13.2 Rel1/bin/../lib/gcc/arm-none-eabi/13.2.1/thumb/v8-m.base/nofp\libgcc.a(unorddf2.o)
                0x000064cc                __aeabi_dcmpun
 .text.__aeabi_d2iz
                0x00006504       0x70 C:/Program Files (x86)/Arm GNU Toolchain arm-none-eabi/13.2 Rel1/bin/../lib/gcc/arm-none-eabi/13.2.1/thumb/v8-m.base/nofp\libgcc.a(fixdfsi.o)
                0x00006504                __aeabi_d2iz
 .text.__aeabi_ui2d
                0x00006574       0x48 C:/Program Files (x86)/Arm GNU Toolchain arm-none-eabi/13.2 Rel1/bin/../lib/gcc/arm-none-eabi/13.2.1/thumb/v8-m.base/nofp\libgcc.a(floatunsidf.o)
                0x00006574                __aeabi_ui2d
 .text._close   0x000065bc       0x14 C:/Program Files (x86)/Arm GNU Toolchain arm-none-eabi/13.2 Rel1/bin/../lib/gcc/arm-none-eabi/13.2.1/thumb/v8-m.base/nofp\libnosys.a(close.o)
                0x000065bc                _close
 .text._fstat   0x000065d0       0x14 C:/Program Files (x86)/Arm GNU Toolchain arm-none-eabi/13.2 Rel1/bin/../lib/gcc/arm-none-eabi/13.2.1/thumb/v8-m.base/nofp\libnosys.a(fstat.o)
                0x000065d0                _fstat
 .text._isatty  0x000065e4       0x10 C:/Program Files (x86)/Arm GNU Toolchain arm-none-eabi/13.2 Rel1/bin/../lib/gcc/arm-none-eabi/13.2.1/thumb/v8-m.base/nofp\libnosys.a(isatty.o)
                0x000065e4                _isatty
 .text._lseek   0x000065f4       0x14 C:/Program Files (x86)/Arm GNU Toolchain arm-none-eabi/13.2 Rel1/bin/../lib/gcc/arm-none-eabi/13.2.1/thumb/v8-m.base/nofp\libnosys.a(lseek.o)
                0x000065f4                _lseek
 .text._read    0x00006608       0x14 C:/Program Files (x86)/Arm GNU Toolchain arm-none-eabi/13.2 Rel1/bin/../lib/gcc/arm-none-eabi/13.2.1/thumb/v8-m.base/nofp\libnosys.a(read.o)
                0x00006608                _read
 *(.version)
 .version       0x0000661c       0x50 ./ra/fsp/src/bsp/mcu/all/bsp_common.o
 *(.init)
 .init          0x0000666c        0x4 C:/Program Files (x86)/Arm GNU Toolchain arm-none-eabi/13.2 Rel1/bin/../lib/gcc/arm-none-eabi/13.2.1/thumb/v8-m.base/nofp/crti.o
                0x0000666c                _init
 .init          0x00006670        0x8 C:/Program Files (x86)/Arm GNU Toolchain arm-none-eabi/13.2 Rel1/bin/../lib/gcc/arm-none-eabi/13.2.1/thumb/v8-m.base/nofp/crtn.o
 *(.fini)
 .fini          0x00006678        0x4 C:/Program Files (x86)/Arm GNU Toolchain arm-none-eabi/13.2 Rel1/bin/../lib/gcc/arm-none-eabi/13.2.1/thumb/v8-m.base/nofp/crti.o
                0x00006678                _fini
 .fini          0x0000667c        0x8 C:/Program Files (x86)/Arm GNU Toolchain arm-none-eabi/13.2 Rel1/bin/../lib/gcc/arm-none-eabi/13.2.1/thumb/v8-m.base/nofp/crtn.o
 *crtbegin.o(.ctors)
 *crtbegin?.o(.ctors)
 *(EXCLUDE_FILE(*crtend.o *crtend?.o) .ctors)
 *(SORT_BY_NAME(.ctors.*))
 *(.ctors)
 *crtbegin.o(.dtors)
 *crtbegin?.o(.dtors)
 *(EXCLUDE_FILE(*crtend.o *crtend?.o) .dtors)
 *(SORT_BY_NAME(.dtors.*))
 *(.dtors)
 *(.rodata*)
 .rodata.I2C_Test.str1.4
                0x00006684       0xcf ./src/eeprom/i2c_ee.o
                                 0x95 (size before relaxing)
 .rodata.Debug_UART1_Init.str1.4
                0x00006753       0x37 ./src/debug_uart/bsp_debug_uart.o
 *fill*         0x00006753        0x1 ff
 .rodata.__func__.0
                0x00006754       0x11 ./src/debug_uart/bsp_debug_uart.o
 *fill*         0x00006765        0x3 ff
 .rodata.g_uart9_cfg
                0x00006768       0x20 ./ra_gen/hal_data.o
                0x00006768                g_uart9_cfg
 .rodata.g_uart9_cfg_extend
                0x00006788       0x14 ./ra_gen/hal_data.o
                0x00006788                g_uart9_cfg_extend
 .rodata.EEPROM
                0x0000679c        0xc ./ra_gen/hal_data.o
                0x0000679c                EEPROM
 .rodata.EEPROM_cfg
                0x000067a8       0x28 ./ra_gen/hal_data.o
                0x000067a8                EEPROM_cfg
 .rodata.EEPROM_extend
                0x000067d0        0x5 ./ra_gen/hal_data.o
                0x000067d0                EEPROM_extend
 *fill*         0x000067d5        0x3 ff
 .rodata.g_bsp_pin_cfg
                0x000067d8        0xc ./ra_gen/pin_data.o
                0x000067d8                g_bsp_pin_cfg
 .rodata.g_bsp_pin_cfg_data
                0x000067e4       0x70 ./ra_gen/pin_data.o
                0x000067e4                g_bsp_pin_cfg_data
 .rodata.g_interrupt_event_link_select
                0x00006854       0x20 ./ra_gen/vector_data.o
                0x00006854                g_interrupt_event_link_select
 .rodata.g_i2c_master_on_iic
                0x00006874       0x20 ./ra/fsp/src/r_iic_master/r_iic_master.o
                0x00006874                g_i2c_master_on_iic
 .rodata.g_prcr_masks
                0x00006894        0x8 ./ra/fsp/src/bsp/mcu/all/bsp_register_protection.o
 .rodata.__aeabi_ddiv
                0x0000689c       0x40 C:/Program Files (x86)/Arm GNU Toolchain arm-none-eabi/13.2 Rel1/bin/../lib/gcc/arm-none-eabi/13.2.1/thumb/v8-m.base/nofp\libgcc.a(divdf3.o)
 .rodata._printf_float.str1.1
                0x000068dc      0x137 C:/Program Files (x86)/Arm GNU Toolchain arm-none-eabi/13.2 Rel1/bin/../lib/gcc/arm-none-eabi/13.2.1/thumb/v8-m.base/nofp\libg_nano.a(libc_a-nano-vfprintf_float.o)
                                 0x12 (size before relaxing)
 .rodata._printf_i.str1.1
                0x00006a13       0x22 C:/Program Files (x86)/Arm GNU Toolchain arm-none-eabi/13.2 Rel1/bin/../lib/gcc/arm-none-eabi/13.2.1/thumb/v8-m.base/nofp\libg_nano.a(libc_a-nano-vfprintf_i.o)
 .rodata._dtoa_r.str1.1
                0x00006a13       0x90 C:/Program Files (x86)/Arm GNU Toolchain arm-none-eabi/13.2 Rel1/bin/../lib/gcc/arm-none-eabi/13.2.1/thumb/v8-m.base/nofp\libg_nano.a(libc_a-dtoa.o)
 .rodata._Balloc.str1.1
                0x00006a13       0x71 C:/Program Files (x86)/Arm GNU Toolchain arm-none-eabi/13.2 Rel1/bin/../lib/gcc/arm-none-eabi/13.2.1/thumb/v8-m.base/nofp\libg_nano.a(libc_a-mprec.o)
 .rodata.__multadd.str1.1
                0x00006a13       0x11 C:/Program Files (x86)/Arm GNU Toolchain arm-none-eabi/13.2 Rel1/bin/../lib/gcc/arm-none-eabi/13.2.1/thumb/v8-m.base/nofp\libg_nano.a(libc_a-mprec.o)
 *fill*         0x00006a13        0x1 ff
 .rodata.p05.0  0x00006a14        0xc C:/Program Files (x86)/Arm GNU Toolchain arm-none-eabi/13.2 Rel1/bin/../lib/gcc/arm-none-eabi/13.2.1/thumb/v8-m.base/nofp\libg_nano.a(libc_a-mprec.o)
 .rodata.__mprec_bigtens
                0x00006a20       0x28 C:/Program Files (x86)/Arm GNU Toolchain arm-none-eabi/13.2 Rel1/bin/../lib/gcc/arm-none-eabi/13.2.1/thumb/v8-m.base/nofp\libg_nano.a(libc_a-mprec.o)
                0x00006a20                __mprec_bigtens
 .rodata.__mprec_tens
                0x00006a48       0xc8 C:/Program Files (x86)/Arm GNU Toolchain arm-none-eabi/13.2 Rel1/bin/../lib/gcc/arm-none-eabi/13.2.1/thumb/v8-m.base/nofp\libg_nano.a(libc_a-mprec.o)
                0x00006a48                __mprec_tens
 .rodata._vfprintf_r.str1.1
                0x00006b10       0x11 C:/Program Files (x86)/Arm GNU Toolchain arm-none-eabi/13.2 Rel1/bin/../lib/gcc/arm-none-eabi/13.2.1/thumb/v8-m.base/nofp\libg_nano.a(libc_a-nano-vfprintf.o)
 .rodata._setlocale_r.str1.1
                0x00006b10        0x9 C:/Program Files (x86)/Arm GNU Toolchain arm-none-eabi/13.2 Rel1/bin/../lib/gcc/arm-none-eabi/13.2.1/thumb/v8-m.base/nofp\libg_nano.a(libc_a-locale.o)
 .rodata.str1.1
                0x00006b10        0x2 C:/Program Files (x86)/Arm GNU Toolchain arm-none-eabi/13.2 Rel1/bin/../lib/gcc/arm-none-eabi/13.2.1/thumb/v8-m.base/nofp\libg_nano.a(libc_a-locale.o)
 .rodata._ctype_
                0x00006b10      0x101 C:/Program Files (x86)/Arm GNU Toolchain arm-none-eabi/13.2 Rel1/bin/../lib/gcc/arm-none-eabi/13.2.1/thumb/v8-m.base/nofp\libg_nano.a(libc_a-ctype_.o)
                0x00006b10                _ctype_
                0x00006c11                        __usb_dev_descriptor_start_fs = .
 *(.usb_device_desc_fs*)
                0x00006c11                        __usb_cfg_descriptor_start_fs = .
 *(.usb_config_desc_fs*)
                0x00006c11                        __usb_interface_descriptor_start_fs = .
 *(.usb_interface_desc_fs*)
                0x00006c11                        __usb_descriptor_end_fs = .
                0x00006c11                        __usb_dev_descriptor_start_hs = .
 *(.usb_device_desc_hs*)
                0x00006c11                        __usb_cfg_descriptor_start_hs = .
 *(.usb_config_desc_hs*)
                0x00006c11                        __usb_interface_descriptor_start_hs = .
 *(.usb_interface_desc_hs*)
                0x00006c11                        __usb_descriptor_end_hs = .
 *(.eh_frame*)
 *fill*         0x00006c11        0x3 ff
 .eh_frame      0x00006c14        0x0 C:/Program Files (x86)/Arm GNU Toolchain arm-none-eabi/13.2 Rel1/bin/../lib/gcc/arm-none-eabi/13.2.1/thumb/v8-m.base/nofp/crtbegin.o
 .eh_frame      0x00006c14        0x4 C:/Program Files (x86)/Arm GNU Toolchain arm-none-eabi/13.2 Rel1/bin/../lib/gcc/arm-none-eabi/13.2.1/thumb/v8-m.base/nofp/crtend.o
                0x00006c18                        __ROM_End = .
                0x000000c0                        __Vectors_Size = (__Vectors_End - __Vectors)

.glue_7         0x00006c18        0x0
 .glue_7        0x00006c18        0x0 linker stubs

.glue_7t        0x00006c18        0x0
 .glue_7t       0x00006c18        0x0 linker stubs

.vfp11_veneer   0x00006c18        0x0
 .vfp11_veneer  0x00006c18        0x0 linker stubs

.v4_bx          0x00006c18        0x0
 .v4_bx         0x00006c18        0x0 linker stubs

.iplt           0x00006c18        0x0
 .iplt          0x00006c18        0x0 C:/Program Files (x86)/Arm GNU Toolchain arm-none-eabi/13.2 Rel1/bin/../lib/gcc/arm-none-eabi/13.2.1/thumb/v8-m.base/nofp/crtbegin.o
                0x00006c18                        . = .
                0x00006c18                        __itcm_data_pre_location = .

.itcm_data      0x00000000        0x0 load address 0x00006c20
                0x00000000                        __tz_ITCM_S = ABSOLUTE (ITCM_START)
                0x00000000                        __itcm_data_start = .
 *(.itcm_data*)
                0x00000000                        . = ALIGN (0x8)
                0x00000000                        __itcm_data_end = .
                0x00000000                        __tz_ITCM_N = DEFINED (ITCM_NS_START)?ABSOLUTE (ITCM_NS_START):ALIGN (__itcm_data_end, 0x2000)
                0x00006c20                        __itcm_data_init_start = LOADADDR (.itcm_data)
                0x00006c20                        __itcm_data_init_end = (LOADADDR (.itcm_data) + SIZEOF (.itcm_data))
                0x00000001                        ASSERT (((ORIGIN (ITCM) % 0x8) == 0x0), ITCM memory region origin must be aligned to 8 bytes.)
                0x00000001                        ASSERT (((LENGTH (ITCM) % 0x8) == 0x0), ITCM memory region length must be a multiple of 8 bytes.)
                0x00000001                        ASSERT (((LOADADDR (.itcm_data) % 0x10) == 0x0), .itcm_data section must be aligned to 16 bytes.)
                0x00000001                        ASSERT (((SIZEOF (.itcm_data) % 0x8) == 0x0), .itcm_data section size must be a multiple of 8 bytes.)
                0x00006c18                        . = (SIZEOF (.itcm_data) > 0x0)?__itcm_data_init_end:__itcm_data_pre_location
                0x00006c18                        __exidx_start = .

/DISCARD/
 *(.ARM.extab* .gnu.linkonce.armextab.*)
 *(.ARM.exidx* .gnu.linkonce.armexidx.*)
                0x00006c18                        __exidx_end = .
                0x00006c18                        __etext = .
                0x20004000                        __tz_RAM_S = ORIGIN (RAM)

.fsp_dtc_vector_table
                0x20004000        0x0
                0x20004000                        . = ORIGIN (RAM)
 *(.fsp_dtc_vector_table)

.data           0x20004000      0x1d8 load address 0x00006c18
                0x20004000                        __data_start__ = .
                0x20004000                        . = ALIGN (0x4)
                0x20004000                        __Code_In_RAM_Start = .
 *(.code_in_ram*)
                0x20004000                        __Code_In_RAM_End = .
 *(vtable)
 *(.data.*)
 .data.timeout_ms
                0x20004000        0x4 ./src/eeprom/i2c_ee.o
                0x20004000                timeout_ms
 .data.g_uart9_baud_setting
                0x20004004        0x4 ./ra_gen/hal_data.o
                0x20004004                g_uart9_baud_setting
 .data.__sglue  0x20004008        0xc C:/Program Files (x86)/Arm GNU Toolchain arm-none-eabi/13.2 Rel1/bin/../lib/gcc/arm-none-eabi/13.2.1/thumb/v8-m.base/nofp\libg_nano.a(libc_a-findfp.o)
                0x20004008                __sglue
 .data._impure_ptr
                0x20004014        0x4 C:/Program Files (x86)/Arm GNU Toolchain arm-none-eabi/13.2 Rel1/bin/../lib/gcc/arm-none-eabi/13.2.1/thumb/v8-m.base/nofp\libg_nano.a(libc_a-impure.o)
                0x20004014                _impure_ptr
 .data._impure_data
                0x20004018       0x4c C:/Program Files (x86)/Arm GNU Toolchain arm-none-eabi/13.2 Rel1/bin/../lib/gcc/arm-none-eabi/13.2.1/thumb/v8-m.base/nofp\libg_nano.a(libc_a-impure.o)
                0x20004018                _impure_data
 .data.__global_locale
                0x20004064      0x16c C:/Program Files (x86)/Arm GNU Toolchain arm-none-eabi/13.2 Rel1/bin/../lib/gcc/arm-none-eabi/13.2.1/thumb/v8-m.base/nofp\libg_nano.a(libc_a-locale.o)
                0x20004064                __global_locale
 *(.data)
                0x200041d0                        . = ALIGN (0x4)
                0x200041d0                        PROVIDE (__preinit_array_start = .)
 *(.preinit_array)
                0x200041d0                        PROVIDE (__preinit_array_end = .)
                0x200041d0                        . = ALIGN (0x4)
                0x200041d0                        PROVIDE (__init_array_start = .)
 *(SORT_BY_NAME(.init_array.*))
 *(.init_array)
 .init_array    0x200041d0        0x4 C:/Program Files (x86)/Arm GNU Toolchain arm-none-eabi/13.2 Rel1/bin/../lib/gcc/arm-none-eabi/13.2.1/thumb/v8-m.base/nofp/crtbegin.o
                0x200041d4                        PROVIDE (__init_array_end = .)
                0x200041d4                        . = ALIGN (0x4)
                [!provide]                        PROVIDE (__fini_array_start = .)
 *(SORT_BY_NAME(.fini_array.*))
 *(.fini_array)
 .fini_array    0x200041d4        0x4 C:/Program Files (x86)/Arm GNU Toolchain arm-none-eabi/13.2 Rel1/bin/../lib/gcc/arm-none-eabi/13.2.1/thumb/v8-m.base/nofp/crtbegin.o
                [!provide]                        PROVIDE (__fini_array_end = .)
 *(.jcr*)
                0x200041d8                        . = ALIGN (0x4)
                0x200041d8                        __data_end__ = .

.tm_clone_table
                0x200041d8        0x0 load address 0x00006df0
 .tm_clone_table
                0x200041d8        0x0 C:/Program Files (x86)/Arm GNU Toolchain arm-none-eabi/13.2 Rel1/bin/../lib/gcc/arm-none-eabi/13.2.1/thumb/v8-m.base/nofp/crtbegin.o
 .tm_clone_table
                0x200041d8        0x0 C:/Program Files (x86)/Arm GNU Toolchain arm-none-eabi/13.2 Rel1/bin/../lib/gcc/arm-none-eabi/13.2.1/thumb/v8-m.base/nofp/crtend.o

.igot.plt       0x200041d8        0x0 load address 0x00006df0
 .igot.plt      0x200041d8        0x0 C:/Program Files (x86)/Arm GNU Toolchain arm-none-eabi/13.2 Rel1/bin/../lib/gcc/arm-none-eabi/13.2.1/thumb/v8-m.base/nofp/crtbegin.o
                0x200041d8                        . = .
                0x00006df0                        __dtcm_data_pre_location = (LOADADDR (.data) + SIZEOF (.data))

.dtcm_data      0x00000000        0x0 load address 0x00006df0
                0x00000000                        __tz_DTCM_S = ABSOLUTE (DTCM_START)
                0x00000000                        __dtcm_data_start = .
 *(.dtcm_data*)
                0x00000000                        . = ALIGN (0x8)
                0x00000000                        __dtcm_data_end = .
                0x00000000                        . = __dtcm_data_end

.dtcm_bss       0x00000000        0x0
                0x00000000                        __dtcm_bss_start = .
 *(.dtcm_bss*)
                0x00000000                        . = ALIGN (0x8)
                0x00000000                        __dtcm_bss_end = .
                0x00000000                        __tz_DTCM_N = DEFINED (DTCM_NS_START)?ABSOLUTE (DTCM_NS_START):ALIGN (__dtcm_bss_end, 0x2000)
                0x00006df0                        __dtcm_data_init_start = LOADADDR (.dtcm_data)
                0x00006df0                        __dtcm_data_init_end = (LOADADDR (.dtcm_data) + SIZEOF (.dtcm_data))
                0x00000001                        ASSERT (((ORIGIN (DTCM) % 0x8) == 0x0), DTCM memory region origin must be aligned to 8 bytes.)
                0x00000001                        ASSERT (((LENGTH (DTCM) % 0x8) == 0x0), DTCM memory region length must be a multiple of 8 bytes.)
                0x00000001                        ASSERT ((LOADADDR (.dtcm_bss) == ADDR (.dtcm_bss)), .dtcm_bss has (VMA != LMA) but should be NOLOAD (VMA == LMA).)
                0x00000001                        ASSERT (((LOADADDR (.dtcm_data) % 0x10) == 0x0), .dtcm_data section must be aligned to 16 bytes.)
                0x00000001                        ASSERT (((SIZEOF (.dtcm_data) % 0x8) == 0x0), .dtcm_data section size must be a multiple of 8 bytes.)
                0x00000001                        ASSERT (((LOADADDR (.dtcm_bss) % 0x8) == 0x0), .dtcm_bss section must be aligned to 8 bytes.)
                0x00000001                        ASSERT (((SIZEOF (.dtcm_bss) % 0x8) == 0x0), .dtcm_bss section size must be a multiple of 8 bytes.)
                0x00000001                        ASSERT ((__dtcm_bss_start == __dtcm_data_end), .dtcm_bss section is not adjacent to .dtcm_data section.)
                0x00006df0                        . = (SIZEOF (.dtcm_data) > 0x0)?__dtcm_data_init_end:__dtcm_data_pre_location
                0x00006df0                        sgstubs_pre_location = .
                0x00007000                        SGSTUBS_LOC = (DEFINED (PROJECT_SECURE) && DEFINED (FLASH_NSC_START))?ABSOLUTE (FLASH_NSC_START):ALIGN (0x400)

.gnu.sgstubs    0x00007000        0x0
                0x00007000                        __tz_FLASH_C = DEFINED (FLASH_NSC_START)?ABSOLUTE (FLASH_NSC_START):__RESERVE_NS_RAM?ABSOLUTE ((FLASH_START + FLASH_LENGTH)):ALIGN (0x400)
                0x00007000                        _start_sg = .
 *(.gnu.sgstubs*)
                0x00007000                        . = ALIGN (0x20)
                0x00007000                        _end_sg = .
                0x00008000                        __tz_FLASH_N = DEFINED (FLASH_NS_START)?ABSOLUTE (FLASH_NS_START):__RESERVE_NS_RAM?ABSOLUTE ((FLASH_START + FLASH_LENGTH)):(FLASH_LENGTH < 0x8000)?FLASH_LENGTH:ALIGN (0x8000)
                0x00008000                        FLASH_NS_IMAGE_START = DEFINED (FLASH_NS_IMAGE_START)?FLASH_NS_IMAGE_START:__tz_FLASH_N
                0x60000000                        __tz_QSPI_FLASH_S = ORIGIN (QSPI_FLASH)

.qspi_flash     0x60000000        0x0
                0x60000000                        __qspi_flash_start__ = .
 *(.qspi_flash*)
 *(.code_in_qspi*)
                0x60000000                        __qspi_flash_end__ = .
                0x00000000                        __qspi_flash_code_size__ = (__qspi_flash_end__ - __qspi_flash_start__)
                0x00006df0                        __qspi_flash_code_addr__ = sgstubs_pre_location

.qspi_non_retentive
                0x60000000        0x0 load address 0x00006df0
                0x60000000                        __qspi_non_retentive_start__ = .
 *(.qspi_non_retentive*)
                0x60000000                        __qspi_non_retentive_end__ = .
                0x00000000                        __qspi_non_retentive_size__ = (__qspi_non_retentive_end__ - __qspi_non_retentive_start__)
                0x04000000                        __qspi_region_max_size__ = 0x4000000
                0x60000000                        __qspi_region_start_address__ = __qspi_flash_start__
                0x64000000                        __qspi_region_end_address__ = (__qspi_flash_start__ + __qspi_region_max_size__)
                0x60000000                        __tz_QSPI_FLASH_N = __qspi_non_retentive_end__

.OSPI_DEVICE_0_NO_LOAD
                0x80020000        0x0
                0x80020000                        . = ALIGN (0x4)
                0x80020000                        __ospi_device_0_start__ = .
 *(.ospi_device_0_no_load*)
                0x80020000                        . = ALIGN (0x4)
                0x80020000                        __ospi_device_0_end__ = .

.OSPI_DEVICE_1_NO_LOAD
                0x80030000        0x0
                0x80030000                        . = ALIGN (0x4)
                0x80030000                        __ospi_device_1_start__ = .
 *(.ospi_device_1_no_load*)
                0x80030000                        . = ALIGN (0x4)
                0x80030000                        __ospi_device_1_end__ = .
                0x80020000                        __tz_OSPI_DEVICE_0_S = ORIGIN (OSPI_DEVICE_0)

.OSPI_DEVICE_0  0x80020000        0x0
                0x80020000                        __ospi_device_0_start__ = .
 *(.ospi_device_0*)
 *(.code_in_ospi_device_0*)
                0x80020000                        __ospi_device_0_end__ = .
                0x00000000                        __ospi_device_0_code_size__ = (__ospi_device_0_end__ - __ospi_device_0_start__)
                0x00006df0                        __ospi_device_0_code_addr__ = (sgstubs_pre_location + SIZEOF (.qspi_non_retentive))

.ospi_device_0_non_retentive
                0x80020000        0x0 load address 0x00006df0
                0x80020000                        __ospi_device_0_non_retentive_start__ = .
 *(.ospi_device_0_non_retentive*)
                0x80020000                        __ospi_device_0_non_retentive_end__ = .
                0x00000000                        __ospi_device_0_non_retentive_size__ = (__ospi_device_0_non_retentive_end__ - __ospi_device_0_non_retentive_start__)
                0x08000000                        __ospi_device_0_region_max_size__ = 0x8000000
                0x80020000                        __ospi_device_0_region_start_address__ = __ospi_device_0_start__
                0x88020000                        __ospi_device_0_region_end_address__ = (__ospi_device_0_start__ + __ospi_device_0_region_max_size__)
                0x80020000                        __tz_OSPI_DEVICE_0_N = __ospi_device_0_non_retentive_end__
                0x80030000                        __tz_OSPI_DEVICE_1_S = ORIGIN (OSPI_DEVICE_1)

.OSPI_DEVICE_1  0x80030000        0x0
                0x80030000                        __ospi_device_1_start__ = .
 *(.ospi_device_1*)
 *(.code_in_ospi_device_1*)
                0x80030000                        __ospi_device_1_end__ = .
                0x00000000                        __ospi_device_1_code_size__ = (__ospi_device_1_end__ - __ospi_device_1_start__)
                0x00006df0                        __ospi_device_1_code_addr__ = (sgstubs_pre_location + (SIZEOF (.qspi_non_retentive) + SIZEOF (.ospi_device_0_non_retentive)))

.ospi_device_1_non_retentive
                0x80030000        0x0 load address 0x00006df0
                0x80030000                        __ospi_device_1_non_retentive_start__ = .
 *(.ospi_device_1_non_retentive*)
                0x80030000                        __ospi_device_1_non_retentive_end__ = .
                0x00000000                        __ospi_device_1_non_retentive_size__ = (__ospi_device_1_non_retentive_end__ - __ospi_device_1_non_retentive_start__)
                0x10000000                        __ospi_device_1_region_max_size__ = 0x10000000
                0x80030000                        __ospi_device_1_region_start_address__ = __ospi_device_1_start__
                0x90030000                        __ospi_device_1_region_end_address__ = (__ospi_device_1_start__ + __ospi_device_1_region_max_size__)
                0x80030000                        __tz_OSPI_DEVICE_1_N = __ospi_device_1_non_retentive_end__

.noinit         0x200041d8       0x18
                0x200041d8                        . = ALIGN (0x4)
                0x200041d8                        __noinit_start = .
 *(.noinit*)
 .noinit        0x200041d8       0x14 ./ra/fsp/src/bsp/mcu/all/bsp_clocks.o
                0x200041f0                        . = ALIGN (0x8)
 *fill*         0x200041ec        0x4 
 *(.heap.*)
                0x200041f0                        __noinit_end = .

.bss            0x200041f0      0x3e8
                0x200041f0                        . = ALIGN (0x4)
                0x200041f0                        __bss_start__ = .
 *(.bss*)
 .bss.completed.1
                0x200041f0        0x1 C:/Program Files (x86)/Arm GNU Toolchain arm-none-eabi/13.2 Rel1/bin/../lib/gcc/arm-none-eabi/13.2.1/thumb/v8-m.base/nofp/crtbegin.o
 *fill*         0x200041f1        0x3 
 .bss.object.0  0x200041f4       0x18 C:/Program Files (x86)/Arm GNU Toolchain arm-none-eabi/13.2 Rel1/bin/../lib/gcc/arm-none-eabi/13.2.1/thumb/v8-m.base/nofp/crtbegin.o
 .bss.g_i2c_callback_event
                0x2000420c        0x1 ./src/eeprom/i2c_ee.o
                0x2000420c                g_i2c_callback_event
 .bss.uart_send_complete_flag
                0x2000420d        0x1 ./src/debug_uart/bsp_debug_uart.o
                0x2000420d                uart_send_complete_flag
 *fill*         0x2000420e        0x2 
 .bss.Circular_queue
                0x20004210      0x130 ./src/debug_uart/circular_queue.o
                0x20004210                Circular_queue
 .bss.g_ioport_ctrl
                0x20004340        0x8 ./ra_gen/common_data.o
                0x20004340                g_ioport_ctrl
 .bss.g_uart9_ctrl
                0x20004348       0x30 ./ra_gen/hal_data.o
                0x20004348                g_uart9_ctrl
 .bss.EEPROM_ctrl
                0x20004378       0x40 ./ra_gen/hal_data.o
                0x20004378                EEPROM_ctrl
 .bss.g_bsp_group_irq_sources
                0x200043b8       0x40 ./ra/fsp/src/bsp/mcu/all/bsp_group_irq.o
                0x200043b8                g_bsp_group_irq_sources
 .bss.g_protect_pfswe_counter
                0x200043f8        0x4 ./ra/fsp/src/bsp/mcu/all/bsp_io.o
                0x200043f8                g_protect_pfswe_counter
 .bss.gp_renesas_isr_context
                0x200043fc       0x80 ./ra/fsp/src/bsp/mcu/all/bsp_irq.o
                0x200043fc                gp_renesas_isr_context
 .bss.g_protect_counters
                0x2000447c        0x8 ./ra/fsp/src/bsp/mcu/all/bsp_register_protection.o
                0x2000447c                g_protect_counters
 .bss.current_heap_end.0
                0x20004484        0x4 ./ra/fsp/src/bsp/mcu/all/bsp_sbrk.o
 .bss.SystemCoreClock
                0x20004488        0x4 ./ra/fsp/src/bsp/cmsis/Device/RENESAS/Source/system.o
                0x20004488                SystemCoreClock
 .bss.__sf      0x2000448c      0x138 C:/Program Files (x86)/Arm GNU Toolchain arm-none-eabi/13.2 Rel1/bin/../lib/gcc/arm-none-eabi/13.2.1/thumb/v8-m.base/nofp\libg_nano.a(libc_a-findfp.o)
                0x2000448c                __sf
 .bss.__stdio_exit_handler
                0x200045c4        0x4 C:/Program Files (x86)/Arm GNU Toolchain arm-none-eabi/13.2 Rel1/bin/../lib/gcc/arm-none-eabi/13.2.1/thumb/v8-m.base/nofp\libg_nano.a(libc_a-findfp.o)
                0x200045c4                __stdio_exit_handler
 .bss.errno     0x200045c8        0x4 C:/Program Files (x86)/Arm GNU Toolchain arm-none-eabi/13.2 Rel1/bin/../lib/gcc/arm-none-eabi/13.2.1/thumb/v8-m.base/nofp\libg_nano.a(libc_a-reent.o)
                0x200045c8                errno
 .bss.__lock___malloc_recursive_mutex
                0x200045cc        0x1 C:/Program Files (x86)/Arm GNU Toolchain arm-none-eabi/13.2 Rel1/bin/../lib/gcc/arm-none-eabi/13.2.1/thumb/v8-m.base/nofp\libg_nano.a(libc_a-lock.o)
                0x200045cc                __lock___malloc_recursive_mutex
 .bss.__lock___sfp_recursive_mutex
                0x200045cd        0x1 C:/Program Files (x86)/Arm GNU Toolchain arm-none-eabi/13.2 Rel1/bin/../lib/gcc/arm-none-eabi/13.2.1/thumb/v8-m.base/nofp\libg_nano.a(libc_a-lock.o)
                0x200045cd                __lock___sfp_recursive_mutex
 *fill*         0x200045ce        0x2 
 .bss.__malloc_sbrk_start
                0x200045d0        0x4 C:/Program Files (x86)/Arm GNU Toolchain arm-none-eabi/13.2 Rel1/bin/../lib/gcc/arm-none-eabi/13.2.1/thumb/v8-m.base/nofp\libg_nano.a(libc_a-mallocr.o)
                0x200045d0                __malloc_sbrk_start
 .bss.__malloc_free_list
                0x200045d4        0x4 C:/Program Files (x86)/Arm GNU Toolchain arm-none-eabi/13.2 Rel1/bin/../lib/gcc/arm-none-eabi/13.2.1/thumb/v8-m.base/nofp\libg_nano.a(libc_a-mallocr.o)
                0x200045d4                __malloc_free_list
 *(COMMON)
                0x200045d8                        . = ALIGN (0x4)
                0x200045d8                        __bss_end__ = .

.heap           0x200045d8        0x0
                0x200045d8                        . = ALIGN (0x8)
                0x200045d8                        __HeapBase = .
 *(.heap)
                0x200045d8                        __HeapLimit = .

.stack_dummy    0x200045d8      0x400
                0x200045d8                        . = ALIGN (0x8)
                0x200045d8                        __StackLimit = .
 *(.stack)
 .stack         0x200045d8      0x400 ./ra/fsp/src/bsp/cmsis/Device/RENESAS/Source/startup.o
                0x200049d8                        __StackTop = .
 *(.stack*)
                0x200049d8                        __StackTopAll = .
                0x200049d8                        PROVIDE (__stack = __StackTopAll)
                0x200049d8                        __RAM_segment_used_end__ = ALIGN (__StackTopAll, 0x4)
                0x20004c00                        __tz_RAM_C = DEFINED (RAM_NSC_START)?ABSOLUTE ((RAM_NSC_START - RAM_NS_BUFFER_BLOCK_LENGTH)):__RESERVE_NS_RAM?ABSOLUTE (RAM_NS_BUFFER_BLOCK_START):ALIGN (__RAM_segment_used_end__, 0x400)
                0x20006000                        __tz_RAM_N = DEFINED (RAM_NS_START)?ABSOLUTE ((RAM_NS_START - RAM_NS_BUFFER_BLOCK_LENGTH)):__RESERVE_NS_RAM?ABSOLUTE (RAM_NS_BUFFER_BLOCK_START):ALIGN (__tz_RAM_C, 0x2000)

.ns_buffer      0x200049d8        0x0
                0x200049d8                        . = __RESERVE_NS_RAM?ABSOLUTE ((RAM_NS_BUFFER_START & 0xffffffe0)):.
 *(.ns_buffer*)

.data_flash     0x40100000        0x0
                0x40100000                        . = ORIGIN (DATA_FLASH)
                0x40100000                        __tz_DATA_FLASH_S = .
                0x40100000                        __Data_Flash_Start = .
 *(.data_flash*)
                0x40100000                        __Data_Flash_End = .
                0x40100000                        __tz_DATA_FLASH_N = DEFINED (DATA_FLASH_NS_START)?ABSOLUTE (DATA_FLASH_NS_START):__RESERVE_NS_RAM?ABSOLUTE ((DATA_FLASH_START + DATA_FLASH_LENGTH)):ALIGN (0x400)
                0x80010000                        __tz_SDRAM_S = ORIGIN (SDRAM)

.sdram          0x80010000        0x0
                0x80010000                        __SDRAM_Start = .
 *(.sdram*)
 *(.frame*)
                0x80010000                        __SDRAM_End = .
                0x80010000                        __tz_SDRAM_N = __SDRAM_End
                0x01010018                        __tz_ID_CODE_S = ORIGIN (ID_CODE)
                0x01010018                        __tz_ID_CODE_N = __tz_ID_CODE_S

.id_code        0x01010018       0x1c
                0x01010018                        __ID_Code_Start = .
 *(.id_code*)
 .id_code       0x01010018       0x1c ./ra/fsp/src/bsp/mcu/all/bsp_rom_registers.o
                0x01010034                        __ID_Code_End = .
                0x00000000                        __tz_OPTION_SETTING_S = ORIGIN (OPTION_SETTING_OFS)

.rel.dyn        0x01010034        0x0
 .rel.iplt      0x01010034        0x0 C:/Program Files (x86)/Arm GNU Toolchain arm-none-eabi/13.2 Rel1/bin/../lib/gcc/arm-none-eabi/13.2.1/thumb/v8-m.base/nofp/crtbegin.o

.option_setting_ofs
                0x00000000        0x0
                0x00000000                        __OPTION_SETTING_OFS_Start = .
 *(.option_setting_ofs0)
                0x00000000                        . = PROJECT_SECURE_OR_FLAT?(__OPTION_SETTING_OFS_Start + 0x4):__OPTION_SETTING_OFS_Start
 *(.option_setting_ofs2)
                0x00000000                        . = PROJECT_SECURE_OR_FLAT?(__OPTION_SETTING_OFS_Start + 0x10):__OPTION_SETTING_OFS_Start
 *(.option_setting_dualsel)
                0x00000000                        __OPTION_SETTING_OFS_End = .

.option_setting_sas
                0x00000034        0x0
                0x00000034                        __OPTION_SETTING_SAS_Start = .
 *(.option_setting_sas)
                0x00000034                        __OPTION_SETTING_SAS_End = .
                0x00000080                        __tz_OPTION_SETTING_N = ABSOLUTE (OPTION_SETTING_START_NS)

.option_setting_ns
                0x00000000        0x0
                0x00000000                        __OPTION_SETTING_NS_Start = .
 *(.option_setting_ofs1)
                0x00000000                        . = USE_OPTION_SETTING_NS?(__OPTION_SETTING_NS_Start + 0x4):__OPTION_SETTING_NS_Start
 *(.option_setting_ofs3)
                0x00000000                        . = USE_OPTION_SETTING_NS?(__OPTION_SETTING_NS_Start + 0x10):__OPTION_SETTING_NS_Start
 *(.option_setting_banksel)
                0x00000000                        . = USE_OPTION_SETTING_NS?(__OPTION_SETTING_NS_Start + 0x40):__OPTION_SETTING_NS_Start
 *(.option_setting_bps0)
                0x00000000                        . = USE_OPTION_SETTING_NS?(__OPTION_SETTING_NS_Start + 0x44):__OPTION_SETTING_NS_Start
 *(.option_setting_bps1)
                0x00000000                        . = USE_OPTION_SETTING_NS?(__OPTION_SETTING_NS_Start + 0x48):__OPTION_SETTING_NS_Start
 *(.option_setting_bps2)
                0x00000000                        . = USE_OPTION_SETTING_NS?(__OPTION_SETTING_NS_Start + 0x4c):__OPTION_SETTING_NS_Start
 *(.option_setting_bps3)
                0x00000000                        . = USE_OPTION_SETTING_NS?(__OPTION_SETTING_NS_Start + 0x60):__OPTION_SETTING_NS_Start
 *(.option_setting_pbps0)
                0x00000000                        . = USE_OPTION_SETTING_NS?(__OPTION_SETTING_NS_Start + 0x64):__OPTION_SETTING_NS_Start
 *(.option_setting_pbps1)
                0x00000000                        . = USE_OPTION_SETTING_NS?(__OPTION_SETTING_NS_Start + 0x68):__OPTION_SETTING_NS_Start
 *(.option_setting_pbps2)
                0x00000000                        . = USE_OPTION_SETTING_NS?(__OPTION_SETTING_NS_Start + 0x6c):__OPTION_SETTING_NS_Start
 *(.option_setting_pbps3)
                0x00000000                        __OPTION_SETTING_NS_End = .
                0x80000000                        __tz_OPTION_SETTING_S_S = ORIGIN (OPTION_SETTING_S)

.option_setting_s
                0x80000000        0x0
                0x80000000                        __OPTION_SETTING_S_Start = .
 *(.option_setting_ofs1_sec)
                0x80000000                        . = PROJECT_SECURE_OR_FLAT?(__OPTION_SETTING_S_Start + 0x4):__OPTION_SETTING_S_Start
 *(.option_setting_ofs3_sec)
                0x80000000                        . = PROJECT_SECURE_OR_FLAT?(__OPTION_SETTING_S_Start + 0x10):__OPTION_SETTING_S_Start
 *(.option_setting_banksel_sec)
                0x80000000                        . = PROJECT_SECURE_OR_FLAT?(__OPTION_SETTING_S_Start + 0x40):__OPTION_SETTING_S_Start
 *(.option_setting_bps_sec0)
                0x80000000                        . = PROJECT_SECURE_OR_FLAT?(__OPTION_SETTING_S_Start + 0x44):__OPTION_SETTING_S_Start
 *(.option_setting_bps_sec1)
                0x80000000                        . = PROJECT_SECURE_OR_FLAT?(__OPTION_SETTING_S_Start + 0x48):__OPTION_SETTING_S_Start
 *(.option_setting_bps_sec2)
                0x80000000                        . = PROJECT_SECURE_OR_FLAT?(__OPTION_SETTING_S_Start + 0x4c):__OPTION_SETTING_S_Start
 *(.option_setting_bps_sec3)
                0x80000000                        . = PROJECT_SECURE_OR_FLAT?(__OPTION_SETTING_S_Start + 0x60):__OPTION_SETTING_S_Start
 *(.option_setting_pbps_sec0)
                0x80000000                        . = PROJECT_SECURE_OR_FLAT?(__OPTION_SETTING_S_Start + 0x64):__OPTION_SETTING_S_Start
 *(.option_setting_pbps_sec1)
                0x80000000                        . = PROJECT_SECURE_OR_FLAT?(__OPTION_SETTING_S_Start + 0x68):__OPTION_SETTING_S_Start
 *(.option_setting_pbps_sec2)
                0x80000000                        . = PROJECT_SECURE_OR_FLAT?(__OPTION_SETTING_S_Start + 0x6c):__OPTION_SETTING_S_Start
 *(.option_setting_pbps_sec3)
                0x80000000                        . = PROJECT_SECURE_OR_FLAT?(__OPTION_SETTING_S_Start + 0x80):__OPTION_SETTING_S_Start
 *(.option_setting_ofs1_sel)
                0x80000000                        . = PROJECT_SECURE_OR_FLAT?(__OPTION_SETTING_S_Start + 0x84):__OPTION_SETTING_S_Start
 *(.option_setting_ofs3_sel)
                0x80000000                        . = PROJECT_SECURE_OR_FLAT?(__OPTION_SETTING_S_Start + 0x90):__OPTION_SETTING_S_Start
 *(.option_setting_banksel_sel)
                0x80000000                        . = PROJECT_SECURE_OR_FLAT?(__OPTION_SETTING_S_Start + 0xc0):__OPTION_SETTING_S_Start
 *(.option_setting_bps_sel0)
                0x80000000                        . = PROJECT_SECURE_OR_FLAT?(__OPTION_SETTING_S_Start + 0xc4):__OPTION_SETTING_S_Start
 *(.option_setting_bps_sel1)
                0x80000000                        . = PROJECT_SECURE_OR_FLAT?(__OPTION_SETTING_S_Start + 0xc8):__OPTION_SETTING_S_Start
 *(.option_setting_bps_sel2)
                0x80000000                        . = PROJECT_SECURE_OR_FLAT?(__OPTION_SETTING_S_Start + 0xcc):__OPTION_SETTING_S_Start
 *(.option_setting_bps_sel3)
                0x80000000                        __OPTION_SETTING_S_End = .
                0x80000000                        __tz_OPTION_SETTING_S_N = __OPTION_SETTING_S_End
OUTPUT(TESTi2c.elf elf32-littlearm)
LOAD linker stubs

.ARM.attributes
                0x00000000       0x2c
 .ARM.attributes
                0x00000000       0x22 C:/Program Files (x86)/Arm GNU Toolchain arm-none-eabi/13.2 Rel1/bin/../lib/gcc/arm-none-eabi/13.2.1/thumb/v8-m.base/nofp/crti.o
 .ARM.attributes
                0x00000022       0x30 C:/Program Files (x86)/Arm GNU Toolchain arm-none-eabi/13.2 Rel1/bin/../lib/gcc/arm-none-eabi/13.2.1/thumb/v8-m.base/nofp/crtbegin.o
 .ARM.attributes
                0x00000052       0x30 ./src/eeprom/i2c_ee.o
 .ARM.attributes
                0x00000082       0x30 ./src/debug_uart/bsp_debug_uart.o
 .ARM.attributes
                0x000000b2       0x30 ./src/debug_uart/circular_queue.o
 .ARM.attributes
                0x000000e2       0x30 ./src/hal_entry.o
 .ARM.attributes
                0x00000112       0x30 ./ra_gen/common_data.o
 .ARM.attributes
                0x00000142       0x30 ./ra_gen/hal_data.o
 .ARM.attributes
                0x00000172       0x30 ./ra_gen/main.o
 .ARM.attributes
                0x000001a2       0x30 ./ra_gen/pin_data.o
 .ARM.attributes
                0x000001d2       0x30 ./ra_gen/vector_data.o
 .ARM.attributes
                0x00000202       0x30 ./ra/fsp/src/r_sci_uart/r_sci_uart.o
 .ARM.attributes
                0x00000232       0x30 ./ra/fsp/src/r_ioport/r_ioport.o
 .ARM.attributes
                0x00000262       0x30 ./ra/fsp/src/r_iic_master/r_iic_master.o
 .ARM.attributes
                0x00000292       0x30 ./ra/fsp/src/r_icu/r_icu.o
 .ARM.attributes
                0x000002c2       0x30 ./ra/fsp/src/r_adc/r_adc.o
 .ARM.attributes
                0x000002f2       0x30 ./ra/fsp/src/bsp/mcu/all/bsp_clocks.o
 .ARM.attributes
                0x00000322       0x30 ./ra/fsp/src/bsp/mcu/all/bsp_common.o
 .ARM.attributes
                0x00000352       0x30 ./ra/fsp/src/bsp/mcu/all/bsp_delay.o
 .ARM.attributes
                0x00000382       0x30 ./ra/fsp/src/bsp/mcu/all/bsp_group_irq.o
 .ARM.attributes
                0x000003b2       0x30 ./ra/fsp/src/bsp/mcu/all/bsp_io.o
 .ARM.attributes
                0x000003e2       0x30 ./ra/fsp/src/bsp/mcu/all/bsp_irq.o
 .ARM.attributes
                0x00000412       0x30 ./ra/fsp/src/bsp/mcu/all/bsp_register_protection.o
 .ARM.attributes
                0x00000442       0x30 ./ra/fsp/src/bsp/mcu/all/bsp_rom_registers.o
 .ARM.attributes
                0x00000472       0x30 ./ra/fsp/src/bsp/mcu/all/bsp_sbrk.o
 .ARM.attributes
                0x000004a2       0x30 ./ra/fsp/src/bsp/cmsis/Device/RENESAS/Source/startup.o
 .ARM.attributes
                0x000004d2       0x30 ./ra/fsp/src/bsp/cmsis/Device/RENESAS/Source/system.o
 .ARM.attributes
                0x00000502       0x22 C:/Program Files (x86)/Arm GNU Toolchain arm-none-eabi/13.2 Rel1/bin/../lib/gcc/arm-none-eabi/13.2.1/thumb/v8-m.base/nofp\libgcc.a(_clzsi2.o)
 .ARM.attributes
                0x00000524       0x30 C:/Program Files (x86)/Arm GNU Toolchain arm-none-eabi/13.2 Rel1/bin/../lib/gcc/arm-none-eabi/13.2.1/thumb/v8-m.base/nofp\libgcc.a(_muldi3.o)
 .ARM.attributes
                0x00000554       0x30 C:/Program Files (x86)/Arm GNU Toolchain arm-none-eabi/13.2 Rel1/bin/../lib/gcc/arm-none-eabi/13.2.1/thumb/v8-m.base/nofp\libgcc.a(divdf3.o)
 .ARM.attributes
                0x00000584       0x30 C:/Program Files (x86)/Arm GNU Toolchain arm-none-eabi/13.2 Rel1/bin/../lib/gcc/arm-none-eabi/13.2.1/thumb/v8-m.base/nofp\libgcc.a(muldf3.o)
 .ARM.attributes
                0x000005b4       0x30 C:/Program Files (x86)/Arm GNU Toolchain arm-none-eabi/13.2 Rel1/bin/../lib/gcc/arm-none-eabi/13.2.1/thumb/v8-m.base/nofp\libgcc.a(floatsidf.o)
 .ARM.attributes
                0x000005e4       0x30 C:/Program Files (x86)/Arm GNU Toolchain arm-none-eabi/13.2 Rel1/bin/../lib/gcc/arm-none-eabi/13.2.1/thumb/v8-m.base/nofp\libg_nano.a(libc_a-nano-vfprintf_float.o)
 .ARM.attributes
                0x00000614       0x30 C:/Program Files (x86)/Arm GNU Toolchain arm-none-eabi/13.2 Rel1/bin/../lib/gcc/arm-none-eabi/13.2.1/thumb/v8-m.base/nofp\libg_nano.a(libc_a-nano-vfprintf_i.o)
 .ARM.attributes
                0x00000644       0x30 C:/Program Files (x86)/Arm GNU Toolchain arm-none-eabi/13.2 Rel1/bin/../lib/gcc/arm-none-eabi/13.2.1/thumb/v8-m.base/nofp\libg_nano.a(libc_a-findfp.o)
 .ARM.attributes
                0x00000674       0x30 C:/Program Files (x86)/Arm GNU Toolchain arm-none-eabi/13.2 Rel1/bin/../lib/gcc/arm-none-eabi/13.2.1/thumb/v8-m.base/nofp\libg_nano.a(libc_a-fwalk.o)
 .ARM.attributes
                0x000006a4       0x30 C:/Program Files (x86)/Arm GNU Toolchain arm-none-eabi/13.2 Rel1/bin/../lib/gcc/arm-none-eabi/13.2.1/thumb/v8-m.base/nofp\libg_nano.a(libc_a-printf.o)
 .ARM.attributes
                0x000006d4       0x30 C:/Program Files (x86)/Arm GNU Toolchain arm-none-eabi/13.2 Rel1/bin/../lib/gcc/arm-none-eabi/13.2.1/thumb/v8-m.base/nofp\libg_nano.a(libc_a-putchar.o)
 .ARM.attributes
                0x00000704       0x30 C:/Program Files (x86)/Arm GNU Toolchain arm-none-eabi/13.2 Rel1/bin/../lib/gcc/arm-none-eabi/13.2.1/thumb/v8-m.base/nofp\libg_nano.a(libc_a-puts.o)
 .ARM.attributes
                0x00000734       0x30 C:/Program Files (x86)/Arm GNU Toolchain arm-none-eabi/13.2 Rel1/bin/../lib/gcc/arm-none-eabi/13.2.1/thumb/v8-m.base/nofp\libg_nano.a(libc_a-stdio.o)
 .ARM.attributes
                0x00000764       0x30 C:/Program Files (x86)/Arm GNU Toolchain arm-none-eabi/13.2 Rel1/bin/../lib/gcc/arm-none-eabi/13.2.1/thumb/v8-m.base/nofp\libg_nano.a(libc_a-wbuf.o)
 .ARM.attributes
                0x00000794       0x30 C:/Program Files (x86)/Arm GNU Toolchain arm-none-eabi/13.2 Rel1/bin/../lib/gcc/arm-none-eabi/13.2.1/thumb/v8-m.base/nofp\libg_nano.a(libc_a-wsetup.o)
 .ARM.attributes
                0x000007c4       0x30 C:/Program Files (x86)/Arm GNU Toolchain arm-none-eabi/13.2 Rel1/bin/../lib/gcc/arm-none-eabi/13.2.1/thumb/v8-m.base/nofp\libg_nano.a(libc_a-memset.o)
 .ARM.attributes
                0x000007f4       0x30 C:/Program Files (x86)/Arm GNU Toolchain arm-none-eabi/13.2 Rel1/bin/../lib/gcc/arm-none-eabi/13.2.1/thumb/v8-m.base/nofp\libg_nano.a(libc_a-localeconv.o)
 .ARM.attributes
                0x00000824       0x30 C:/Program Files (x86)/Arm GNU Toolchain arm-none-eabi/13.2 Rel1/bin/../lib/gcc/arm-none-eabi/13.2.1/thumb/v8-m.base/nofp\libg_nano.a(libc_a-closer.o)
 .ARM.attributes
                0x00000854       0x30 C:/Program Files (x86)/Arm GNU Toolchain arm-none-eabi/13.2 Rel1/bin/../lib/gcc/arm-none-eabi/13.2.1/thumb/v8-m.base/nofp\libg_nano.a(libc_a-reent.o)
 .ARM.attributes
                0x00000884       0x30 C:/Program Files (x86)/Arm GNU Toolchain arm-none-eabi/13.2 Rel1/bin/../lib/gcc/arm-none-eabi/13.2.1/thumb/v8-m.base/nofp\libg_nano.a(libc_a-impure.o)
 .ARM.attributes
                0x000008b4       0x30 C:/Program Files (x86)/Arm GNU Toolchain arm-none-eabi/13.2 Rel1/bin/../lib/gcc/arm-none-eabi/13.2.1/thumb/v8-m.base/nofp\libg_nano.a(libc_a-lseekr.o)
 .ARM.attributes
                0x000008e4       0x30 C:/Program Files (x86)/Arm GNU Toolchain arm-none-eabi/13.2 Rel1/bin/../lib/gcc/arm-none-eabi/13.2.1/thumb/v8-m.base/nofp\libg_nano.a(libc_a-readr.o)
 .ARM.attributes
                0x00000914       0x30 C:/Program Files (x86)/Arm GNU Toolchain arm-none-eabi/13.2 Rel1/bin/../lib/gcc/arm-none-eabi/13.2.1/thumb/v8-m.base/nofp\libg_nano.a(libc_a-writer.o)
 .ARM.attributes
                0x00000944       0x30 C:/Program Files (x86)/Arm GNU Toolchain arm-none-eabi/13.2 Rel1/bin/../lib/gcc/arm-none-eabi/13.2.1/thumb/v8-m.base/nofp\libg_nano.a(libc_a-errno.o)
 .ARM.attributes
                0x00000974       0x30 C:/Program Files (x86)/Arm GNU Toolchain arm-none-eabi/13.2 Rel1/bin/../lib/gcc/arm-none-eabi/13.2.1/thumb/v8-m.base/nofp\libg_nano.a(libc_a-lock.o)
 .ARM.attributes
                0x000009a4       0x30 C:/Program Files (x86)/Arm GNU Toolchain arm-none-eabi/13.2 Rel1/bin/../lib/gcc/arm-none-eabi/13.2.1/thumb/v8-m.base/nofp\libg_nano.a(libc_a-memchr-stub.o)
 .ARM.attributes
                0x000009d4       0x30 C:/Program Files (x86)/Arm GNU Toolchain arm-none-eabi/13.2 Rel1/bin/../lib/gcc/arm-none-eabi/13.2.1/thumb/v8-m.base/nofp\libg_nano.a(libc_a-memcpy-stub.o)
 .ARM.attributes
                0x00000a04       0x1c C:/Program Files (x86)/Arm GNU Toolchain arm-none-eabi/13.2 Rel1/bin/../lib/gcc/arm-none-eabi/13.2.1/thumb/v8-m.base/nofp\libg_nano.a(libc_a-strlen.o)
 .ARM.attributes
                0x00000a20       0x30 C:/Program Files (x86)/Arm GNU Toolchain arm-none-eabi/13.2 Rel1/bin/../lib/gcc/arm-none-eabi/13.2.1/thumb/v8-m.base/nofp\libg_nano.a(libc_a-dtoa.o)
 .ARM.attributes
                0x00000a50       0x30 C:/Program Files (x86)/Arm GNU Toolchain arm-none-eabi/13.2 Rel1/bin/../lib/gcc/arm-none-eabi/13.2.1/thumb/v8-m.base/nofp\libg_nano.a(libc_a-freer.o)
 .ARM.attributes
                0x00000a80       0x30 C:/Program Files (x86)/Arm GNU Toolchain arm-none-eabi/13.2 Rel1/bin/../lib/gcc/arm-none-eabi/13.2.1/thumb/v8-m.base/nofp\libg_nano.a(libc_a-malloc.o)
 .ARM.attributes
                0x00000ab0       0x30 C:/Program Files (x86)/Arm GNU Toolchain arm-none-eabi/13.2 Rel1/bin/../lib/gcc/arm-none-eabi/13.2.1/thumb/v8-m.base/nofp\libg_nano.a(libc_a-mallocr.o)
 .ARM.attributes
                0x00000ae0       0x30 C:/Program Files (x86)/Arm GNU Toolchain arm-none-eabi/13.2 Rel1/bin/../lib/gcc/arm-none-eabi/13.2.1/thumb/v8-m.base/nofp\libg_nano.a(libc_a-mlock.o)
 .ARM.attributes
                0x00000b10       0x30 C:/Program Files (x86)/Arm GNU Toolchain arm-none-eabi/13.2 Rel1/bin/../lib/gcc/arm-none-eabi/13.2.1/thumb/v8-m.base/nofp\libg_nano.a(libc_a-mprec.o)
 .ARM.attributes
                0x00000b40       0x30 C:/Program Files (x86)/Arm GNU Toolchain arm-none-eabi/13.2 Rel1/bin/../lib/gcc/arm-none-eabi/13.2.1/thumb/v8-m.base/nofp\libg_nano.a(libc_a-nano-vfprintf.o)
 .ARM.attributes
                0x00000b70       0x30 C:/Program Files (x86)/Arm GNU Toolchain arm-none-eabi/13.2 Rel1/bin/../lib/gcc/arm-none-eabi/13.2.1/thumb/v8-m.base/nofp\libg_nano.a(libc_a-fflush.o)
 .ARM.attributes
                0x00000ba0       0x30 C:/Program Files (x86)/Arm GNU Toolchain arm-none-eabi/13.2 Rel1/bin/../lib/gcc/arm-none-eabi/13.2.1/thumb/v8-m.base/nofp\libg_nano.a(libc_a-makebuf.o)
 .ARM.attributes
                0x00000bd0       0x30 C:/Program Files (x86)/Arm GNU Toolchain arm-none-eabi/13.2 Rel1/bin/../lib/gcc/arm-none-eabi/13.2.1/thumb/v8-m.base/nofp\libg_nano.a(libc_a-putc.o)
 .ARM.attributes
                0x00000c00       0x30 C:/Program Files (x86)/Arm GNU Toolchain arm-none-eabi/13.2 Rel1/bin/../lib/gcc/arm-none-eabi/13.2.1/thumb/v8-m.base/nofp\libg_nano.a(libc_a-locale.o)
 .ARM.attributes
                0x00000c30       0x30 C:/Program Files (x86)/Arm GNU Toolchain arm-none-eabi/13.2 Rel1/bin/../lib/gcc/arm-none-eabi/13.2.1/thumb/v8-m.base/nofp\libg_nano.a(libc_a-fstatr.o)
 .ARM.attributes